Component: ARM Compiler 5.06 update 7 (build 960) Tool: armlink [4d3601]

==============================================================================

Section Cross References

    main.o(.text) refers to _printf_percent.o(.ARM.Collect$$_printf_percent$$00000000) for _printf_percent
    main.o(.text) refers to _printf_s.o(.ARM.Collect$$_printf_percent$$00000014) for _printf_s
    main.o(.text) refers to _printf_str.o(.text) for _printf_str
    main.o(.text) refers to delay.o(.text) for delay_init
    main.o(.text) refers to misc.o(.text) for NVIC_PriorityGroupConfig
    main.o(.text) refers to usart.o(.text) for uart1_init
    main.o(.text) refers to beep.o(.text) for BEEP_Init
    main.o(.text) refers to led.o(.text) for LED_Init
    main.o(.text) refers to strcmpv7m.o(.text) for strcmp
    main.o(.text) refers to noretval__2printf.o(.text) for __2printf
    main.o(.text) refers to usart.o(.bss) for name
    main.o(.text) refers to usart.o(.data) for ID
    system_stm32f10x.o(.text) refers to system_stm32f10x.o(.data) for SystemCoreClock
    led.o(.text) refers to stm32f10x_rcc.o(.text) for RCC_APB2PeriphClockCmd
    led.o(.text) refers to stm32f10x_gpio.o(.text) for GPIO_Init
    beep.o(.text) refers to stm32f10x_rcc.o(.text) for RCC_APB2PeriphClockCmd
    beep.o(.text) refers to stm32f10x_gpio.o(.text) for GPIO_Init
    delay.o(.text) refers to misc.o(.text) for SysTick_CLKSourceConfig
    delay.o(.text) refers to system_stm32f10x.o(.data) for SystemCoreClock
    delay.o(.text) refers to delay.o(.data) for fac_us
    usart.o(.text) refers (Special) to use_no_semi_2.o(.text) for __use_no_semihosting
    usart.o(.text) refers to _scanf_str.o(.text) for _scanf_string
    usart.o(.text) refers to scanf1.o(x$fpl$scanf1) for _scanf_real
    usart.o(.text) refers to stm32f10x_rcc.o(.text) for RCC_APB2PeriphClockCmd
    usart.o(.text) refers to stm32f10x_gpio.o(.text) for GPIO_Init
    usart.o(.text) refers to misc.o(.text) for NVIC_Init
    usart.o(.text) refers to stm32f10x_usart.o(.text) for USART_Init
    usart.o(.text) refers to noretval__2printf.o(.text) for __2printf
    usart.o(.text) refers to beep.o(.text) for BEEP
    usart.o(.text) refers to strstr.o(.text) for strstr
    usart.o(.text) refers to __0sscanf.o(.text) for __0sscanf
    usart.o(.text) refers to rt_ctype_table.o(.text) for __rt_ctype_table
    usart.o(.text) refers to usart.o(.data) for USART_num
    usart.o(.text) refers to usart.o(.bss) for USART_RX_BUF
    usart.o(.bss) refers (Special) to use_no_semi_2.o(.text) for __use_no_semihosting
    usart.o(.data) refers (Special) to use_no_semi_2.o(.text) for __use_no_semihosting
    startup_stm32f10x_hd.o(STACK) refers (Special) to heapauxi.o(.text) for __use_two_region_memory
    startup_stm32f10x_hd.o(HEAP) refers (Special) to heapauxi.o(.text) for __use_two_region_memory
    startup_stm32f10x_hd.o(RESET) refers (Special) to heapauxi.o(.text) for __use_two_region_memory
    startup_stm32f10x_hd.o(RESET) refers to startup_stm32f10x_hd.o(STACK) for __initial_sp
    startup_stm32f10x_hd.o(RESET) refers to startup_stm32f10x_hd.o(.text) for Reset_Handler
    startup_stm32f10x_hd.o(RESET) refers to stm32f10x_it.o(.text) for NMI_Handler
    startup_stm32f10x_hd.o(RESET) refers to usart.o(.text) for USART1_IRQHandler
    startup_stm32f10x_hd.o(.text) refers (Special) to heapauxi.o(.text) for __use_two_region_memory
    startup_stm32f10x_hd.o(.text) refers to system_stm32f10x.o(.text) for SystemInit
    startup_stm32f10x_hd.o(.text) refers to __main.o(!!!main) for __main
    startup_stm32f10x_hd.o(.text) refers to startup_stm32f10x_hd.o(HEAP) for Heap_Mem
    startup_stm32f10x_hd.o(.text) refers to startup_stm32f10x_hd.o(STACK) for Stack_Mem
    stm32f10x_gpio.o(.text) refers to stm32f10x_rcc.o(.text) for RCC_APB2PeriphResetCmd
    stm32f10x_rcc.o(.text) refers to stm32f10x_rcc.o(.data) for APBAHBPrescTable
    stm32f10x_usart.o(.text) refers to stm32f10x_rcc.o(.text) for RCC_APB2PeriphResetCmd
    use_no_semi_2.o(.text) refers (Special) to use_no_semi.o(.text) for __use_no_semihosting_swi
    rt_ctype_table.o(.text) refers to rt_locale_intlibspace.o(.text) for __rt_locale
    rt_ctype_table.o(.text) refers to lc_ctype_c.o(locale$$code) for _get_lc_ctype
    __2printf.o(.text) refers to _printf_char_file.o(.text) for _printf_char_file
    __2printf.o(.text) refers to usart.o(.data) for __stdout
    noretval__2printf.o(.text) refers to _printf_char_file.o(.text) for _printf_char_file
    noretval__2printf.o(.text) refers to usart.o(.data) for __stdout
    __printf.o(.text) refers to _printf_percent.o(.ARM.Collect$$_printf_percent$$00000000) for _printf_percent
    _printf_str.o(.text) refers (Special) to _printf_char.o(.text) for _printf_cs_common
    __printf_flags.o(.text) refers to _printf_percent.o(.ARM.Collect$$_printf_percent$$00000000) for _printf_percent
[...]
    ../clib/angel/rt.s                       0x00000000   Number         0  rt_locale.o ABSOLUTE
    ../clib/angel/rt.s                       0x00000000   Number         0  rt_locale_intlibspace.o ABSOLUTE
    ../clib/angel/rt.s                       0x00000000   Number         0  rt_errno_addr_intlibspace.o ABSOLUTE
    ../clib/angel/rt.s                       0x00000000   Number         0  rt_raise.o ABSOLUTE
    ../clib/angel/rt.s                       0x00000000   Number         0  rt_ctype_table.o ABSOLUTE
    ../clib/angel/rt.s                       0x00000000   Number         0  rt_errno_addr.o ABSOLUTE
    ../clib/angel/scatter.s                  0x00000000   Number         0  __scatter.o ABSOLUTE
    ../clib/angel/startup.s                  0x00000000   Number         0  __main.o ABSOLUTE
    ../clib/angel/sys.s                      0x00000000   Number         0  sys_stackheap_outer.o ABSOLUTE
    ../clib/angel/sys.s                      0x00000000   Number         0  use_no_semi.o ABSOLUTE
    ../clib/angel/sys.s                      0x00000000   Number         0  libspace.o ABSOLUTE
    ../clib/angel/sys.s                      0x00000000   Number         0  use_no_semi_2.o ABSOLUTE
    ../clib/angel/sys.s                      0x00000000   Number         0  indicate_semi.o ABSOLUTE
    ../clib/angel/sysapp.c                   0x00000000   Number         0  sys_wrch.o ABSOLUTE
    ../clib/angel/sysapp.c                   0x00000000   Number         0  sys_command.o ABSOLUTE
    ../clib/armsys.c                         0x00000000   Number         0  argv_veneer.o ABSOLUTE
    ../clib/armsys.c                         0x00000000   Number         0  argv_veneer.o ABSOLUTE
    ../clib/armsys.c                         0x00000000   Number         0  no_argv.o ABSOLUTE
    ../clib/armsys.c                         0x00000000   Number         0  _get_argv_nomalloc.o ABSOLUTE
    ../clib/bigflt.c                         0x00000000   Number         0  bigflt0.o ABSOLUTE
    ../clib/btod.s                           0x00000000   Number         0  btod.o ABSOLUTE
    ../clib/ctype.c                          0x00000000   Number         0  isspace.o ABSOLUTE
    ../clib/fenv.c                           0x00000000   Number         0  _rserrno.o ABSOLUTE
    ../clib/heapalloc.c                      0x00000000   Number         0  hrguard.o ABSOLUTE
    ../clib/heapaux.c                        0x00000000   Number         0  heapauxi.o ABSOLUTE
    ../clib/libinit.s                        0x00000000   Number         0  libshutdown2.o ABSOLUTE
    ../clib/libinit.s                        0x00000000   Number         0  libshutdown.o ABSOLUTE
    ../clib/libinit.s                        0x00000000   Number         0  libinit.o ABSOLUTE
    ../clib/libinit.s                        0x00000000   Number         0  libinit2.o ABSOLUTE
    ../clib/locale.s                         0x00000000   Number         0  lc_numeric_c.o ABSOLUTE
    ../clib/locale.s                         0x00000000   Number         0  lc_ctype_c.o ABSOLUTE
    ../clib/longlong.s                       0x00000000   Number         0  llshl.o ABSOLUTE
    ../clib/memcpset.s                       0x00000000   Number         0  strcmpv7m.o ABSOLUTE
    ../clib/printf.c                         0x00000000   Number         0  __printf.o ABSOLUTE
    ../clib/printf.c                         0x00000000   Number         0  _printf_char_common.o ABSOLUTE
    ../clib/printf.c                         0x00000000   Number         0  __2printf.o ABSOLUTE
    ../clib/printf.c                         0x00000000   Number         0  noretval__2printf.o ABSOLUTE
    ../clib/printf.c                         0x00000000   Number         0  _printf_str.o ABSOLUTE
    ../clib/printf.c                         0x00000000   Number         0  __printf_flags.o ABSOLUTE
    ../clib/printf.c                         0x00000000   Number         0  __printf_ss.o ABSOLUTE
    ../clib/printf.c                         0x00000000   Number         0  __printf_flags_ss.o ABSOLUTE
    ../clib/printf.c                         0x00000000   Number         0  __printf_wp.o ABSOLUTE
    ../clib/printf.c                         0x00000000   Number         0  __printf_flags_wp.o ABSOLUTE
    ../clib/printf.c                         0x00000000   Number         0  __printf_ss_wp.o ABSOLUTE
    ../clib/printf.c                         0x00000000   Number         0  __printf_nopercent.o ABSOLUTE
    ../clib/printf.c                         0x00000000   Number         0  _printf_char.o ABSOLUTE
    ../clib/printf.c                         0x00000000   Number         0  _printf_char_file.o ABSOLUTE
    ../clib/printf.c                         0x00000000   Number         0  __printf_flags_ss_wp.o ABSOLUTE
    ../clib/printf_percent.s                 0x00000000   Number         0  _printf_s.o ABSOLUTE
    ../clib/printf_percent.s                 0x00000000   Number         0  _printf_percent.o ABSOLUTE
    ../clib/printf_percent.s                 0x00000000   Number         0  _printf_percent_end.o ABSOLUTE
    ../clib/scanf.c                          0x00000000   Number         0  _scanf.o ABSOLUTE
    ../clib/scanf.c                          0x00000000   Number         0  _chval.o ABSOLUTE
    ../clib/scanf.c                          0x00000000   Number         0  __0sscanf.o ABSOLUTE
    ../clib/scanf.c                          0x00000000   Number         0  _scanf_str.o ABSOLUTE
    ../clib/scanf.c                          0x00000000   Number         0  scanf_fp.o ABSOLUTE
    ../clib/scanf.c                          0x00000000   Number         0  scanf_infnan.o ABSOLUTE
    ../clib/scanf.c                          0x00000000   Number         0  scanf_hexfp.o ABSOLUTE
    ../clib/scanf.c                          0x00000000   Number         0  scanf_char.o ABSOLUTE
    ../clib/scanf.c                          0x00000000   Number         0  _sgetc.o ABSOLUTE
    ../clib/signal.c                         0x00000000   Number         0  defsig_rtmem_inner.o ABSOLUTE
    ../clib/signal.c                         0x00000000   Number         0  defsig_rtmem_outer.o ABSOLUTE
    ../clib/signal.c                         0x00000000   Number         0  defsig_rtmem_formal.o ABSOLUTE
    ../clib/signal.c                         0x00000000   Number         0  defsig_abrt_inner.o ABSOLUTE
    ../clib/signal.c                         0x00000000   Number         0  defsig_fpe_inner.o ABSOLUTE
    ../clib/signal.c                         0x00000000   Number         0  defsig_rtred_inner.o ABSOLUTE
    ../clib/signal.c                         0x00000000   Number         0  defsig_stak_inner.o ABSOLUTE
    ../clib/signal.c                         0x00000000   Number         0  defsig_pvfn_inner.o ABSOLUTE
    ../clib/signal.c                         0x00000000   Number         0  defsig_cppl_inner.o ABSOLUTE
    ../clib/signal.c                         0x00000000   Number         0  defsig_segv_inner.o ABSOLUTE
    ../clib/signal.c                         0x00000000   Number         0  defsig_other.o ABSOLUTE
    ../clib/signal.c                         0x00000000   Number         0  __raise.o ABSOLUTE
    ../clib/signal.c                         0x00000000   Number         0  defsig_exit.o ABSOLUTE
    ../clib/signal.c                         0x00000000   Number         0  defsig_general.o ABSOLUTE
    ../clib/signal.s                         0x00000000   Number         0  defsig.o ABSOLUTE
    ../clib/stdio.c                          0x00000000   Number         0  ferror.o ABSOLUTE
    ../clib/stdio.c                          0x00000000   Number         0  ferror_locked.o ABSOLUTE
    ../clib/stdlib.c                         0x00000000   Number         0  exit.o ABSOLUTE
    ../clib/string.c                         0x00000000   Number         0  strstr.o ABSOLUTE
    ../fplib/d2f.s                           0x00000000   Number         0  d2f.o ABSOLUTE
    ../fplib/daddsub.s                       0x00000000   Number         0  daddsub_clz.o ABSOLUTE
    ../fplib/dcheck1.s                       0x00000000   Number         0  dcheck1.o ABSOLUTE
    ../fplib/dcmpi.s                         0x00000000   Number         0  dcmpi.o ABSOLUTE
    ../fplib/ddiv.s                          0x00000000   Number         0  ddiv.o ABSOLUTE
    ../fplib/deqf.s                          0x00000000   Number         0  deqf.o ABSOLUTE
    ../fplib/dleqf.s                         0x00000000   Number         0  dleqf.o ABSOLUTE
    ../fplib/dmul.s                          0x00000000   Number         0  dmul.o ABSOLUTE
    ../fplib/dnaninf.s                       0x00000000   Number         0  dnaninf.o ABSOLUTE
    ../fplib/dretinf.s                       0x00000000   Number         0  dretinf.o ABSOLUTE
    ../fplib/drleqf.s                        0x00000000   Number         0  drleqf.o ABSOLUTE
    ../fplib/fpconst.s                       0x00000000   Number         0  fpconst.o ABSOLUTE
    ../fplib/fpinit.s                        0x00000000   Number         0  fpinit.o ABSOLUTE
    ../fplib/fretinf.s                       0x00000000   Number         0  fretinf.o ABSOLUTE
    ../fplib/istatus.s                       0x00000000   Number         0  istatus.o ABSOLUTE
    ../fplib/retnan.s                        0x00000000   Number         0  retnan.o ABSOLUTE
    ../fplib/scalbn.s                        0x00000000   Number         0  scalbn.o ABSOLUTE
    ../fplib/scanf1.s                        0x00000000   Number         0  scanf1.o ABSOLUTE
    ../fplib/scanf2.s                        0x00000000   Number         0  scanf2.o ABSOLUTE
    ../fplib/scanf2a.s                       0x00000000   Number         0  scanf2a.o ABSOLUTE
    ../fplib/scanf2b.s                       0x00000000   Number         0  scanf2b.o ABSOLUTE
    ../fplib/trapv.s                         0x00000000   Number         0  trapv.o ABSOLUTE
    ../fplib/usenofp.s                       0x00000000   Number         0  usenofp.o ABSOLUTE
    ../mathlib/dunder.c                      0x00000000   Number         0  dunder.o ABSOLUTE
    ../mathlib/frexp.c                       0x00000000   Number         0  frexp.o ABSOLUTE
    ../mathlib/ldexp.c                       0x00000000   Number         0  ldexp_x.o ABSOLUTE
    ../mathlib/ldexp.c                       0x00000000   Number         0  ldexp.o ABSOLUTE
    ../mathlib/narrow.c                      0x00000000   Number         0  narrow.o ABSOLUTE
    ../mathlib/qnan.c                        0x00000000   Number         0  qnan.o ABSOLUTE
    ..\CORE\core_cm3.c                       0x00000000   Number         0  core_cm3.o ABSOLUTE
    ..\CORE\startup_stm32f10x_hd.s           0x00000000   Number         0  startup_stm32f10x_hd.o ABSOLUTE
    ..\HARDWARE\BEEP\beep.c                  0x00000000   Number         0  beep.o ABSOLUTE
    ..\HARDWARE\LED\led.c                    0x00000000   Number         0  led.o ABSOLUTE
    ..\STM32F10x_FWLib\src\misc.c            0x00000000   Number         0  misc.o ABSOLUTE
    ..\STM32F10x_FWLib\src\stm32f10x_gpio.c  0x00000000   Number         0  stm32f10x_gpio.o ABSOLUTE
    ..\STM32F10x_FWLib\src\stm32f10x_rcc.c   0x00000000   Number         0  stm32f10x_rcc.o ABSOLUTE
    ..\STM32F10x_FWLib\src\stm32f10x_usart.c 0x00000000   Number         0  stm32f10x_usart.o ABSOLUTE
    ..\SYSTEM\delay\delay.c                  0x00000000   Number         0  delay.o ABSOLUTE
    ..\SYSTEM\sys\sys.c                      0x00000000   Number         0  sys.o ABSOLUTE
    ..\SYSTEM\usart\usart.c                  0x00000000   Number         0  usart.o ABSOLUTE
    ..\\CORE\\core_cm3.c                     0x00000000   Number         0  core_cm3.o ABSOLUTE
    ..\\SYSTEM\\sys\\sys.c                   0x00000000   Number         0  sys.o ABSOLUTE
    dc.s                                     0x00000000   Number         0  dc.o ABSOLUTE
    main.c                                   0x00000000   Number         0  main.o ABSOLUTE
    stm32f10x_it.c                           0x00000000   Number         0  stm32f10x_it.o ABSOLUTE
    system_stm32f10x.c                       0x00000000   Number         0  system_stm32f10x.o ABSOLUTE
    RESET                                    0x08000000   Section      304  startup_stm32f10x_hd.o(RESET)
    !!!main                                  0x08000130   Section        8  __main.o(!!!main)
    !!!scatter                               0x08000138   Section       52  __scatter.o(!!!scatter)
    !!handler_copy                           0x0800016c   Section       26  __scatter_copy.o(!!handler_copy)
    !!handler_zi                             0x08000188   Section       28  __scatter_zi.o(!!handler_zi)
    .ARM.Collect$$_printf_percent$$00000000  0x080001a4   Section        0  _printf_percent.o(.ARM.Collect$$_printf_percent$$00000000)
    .ARM.Collect$$_printf_percent$$00000014  0x080001a4   Section        6  _printf_s.o(.ARM.Collect$$_printf_percent$$00000014)
    .ARM.Collect$$_printf_percent$$00000017  0x080001aa   Section        4  _printf_percent_end.o(.ARM.Collect$$_printf_percent$$00000017)
    .ARM.Collect$$libinit$$00000000          0x080001ae   Section        2  libinit.o(.ARM.Collect$$libinit$$00000000)
    .ARM.Collect$$libinit$$00000002          0x080001b0   Section        0  libinit2.o(.ARM.Collect$$libinit$$00000002)
    .ARM.Collect$$libinit$$00000004          0x080001b0   Section        0  libinit2.o(.ARM.Collect$$libinit$$00000004)
    .ARM.Collect$$libinit$$0000000A          0x080001b0   Section        0  libinit2.o(.ARM.Collect$$libinit$$0000000A)
    .ARM.Collect$$libinit$$0000000C          0x080001b0   Section        0  libinit2.o(.ARM.Collect$$libinit$$0000000C)
    .ARM.Collect$$libinit$$0000000E          0x080001b0   Section        0  libinit2.o(.ARM.Collect$$libinit$$0000000E)
    .ARM.Collect$$libinit$$0000000F          0x080001b0   Section        6  libinit2.o(.ARM.Collect$$libinit$$0000000F)
    .ARM.Collect$$libinit$$00000011          0x080001b6   Section        0  libinit2.o(.ARM.Collect$$libinit$$00000011)
    .ARM.Collect$$libinit$$00000012          0x080001b6   Section       12  libinit2.o(.ARM.Collect$$libinit$$00000012)
    .ARM.Collect$$libinit$$00000013          0x080001c2   Section        0  libinit2.o(.ARM.Collect$$libinit$$00000013)
    .ARM.Collect$$libinit$$00000015          0x080001c2   Section        0  libinit2.o(.ARM.Collect$$libinit$$00000015)
    .ARM.Collect$$libinit$$00000016          0x080001c2   Section       10  libinit2.o(.ARM.Collect$$libinit$$00000016)
    .ARM.Collect$$libinit$$00000017          0x080001cc   Section        0  libinit2.o(.ARM.Collect$$libinit$$00000017)
    .ARM.Collect$$libinit$$00000019          0x080001cc   Section        0  libinit2.o(.ARM.Collect$$libinit$$00000019)
    .ARM.Collect$$libinit$$0000001B          0x080001cc   Section        0  libinit2.o(.ARM.Collect$$libinit$$0000001B)
    .ARM.Collect$$libinit$$0000001D          0x080001cc   Section        0  libinit2.o(.ARM.Collect$$libinit$$0000001D)
    .ARM.Collect$$libinit$$0000001F          0x080001cc   Section        0  libinit2.o(.ARM.Collect$$libinit$$0000001F)
    .ARM.Collect$$libinit$$00000021          0x080001cc   Section        0  libinit2.o(.ARM.Collect$$libinit$$00000021)
    .ARM.Collect$$libinit$$00000023          0x080001cc   Section        0  libinit2.o(.ARM.Collect$$libinit$$00000023)
    .ARM.Collect$$libinit$$00000025          0x080001cc   Section        0  libinit2.o(.ARM.Collect$$libinit$$00000025)
    .ARM.Collect$$libinit$$0000002C          0x080001cc   Section        0  libinit2.o(.ARM.Collect$$libinit$$0000002C)
    .ARM.Collect$$libinit$$0000002E          0x080001cc   Section        0  libinit2.o(.ARM.Collect$$libinit$$0000002E)
    .ARM.Collect$$libinit$$00000030          0x080001cc   Section        0  libinit2.o(.ARM.Collect$$libinit$$00000030)
    .ARM.Collect$$libinit$$00000032          0x080001cc   Section        0  libinit2.o(.ARM.Collect$$libinit$$00000032)
    .ARM.Collect$$libinit$$00000033          0x080001cc   Section        2  libinit2.o(.ARM.Collect$$libinit$$00000033)
    .ARM.Collect$$libshutdown$$00000000      0x080001ce   Section        2  libshutdown.o(.ARM.Collect$$libshutdown$$00000000)
    .ARM.Collect$$libshutdown$$00000002      0x080001d0   Section        0  libshutdown2.o(.ARM.Collect$$libshutdown$$00000002)
    .ARM.Collect$$libshutdown$$00000004      0x080001d0   Section        0  libshutdown2.o(.ARM.Collect$$libshutdown$$00000004)
    .ARM.Collect$$libshutdown$$00000006      0x080001d0   Section        0  libshutdown2.o(.ARM.Collect$$libshutdown$$00000006)
    .ARM.Collect$$libshutdown$$00000009      0x080001d0   Section        0  libshutdown2.o(.ARM.Collect$$libshutdown$$00000009)
    .ARM.Collect$$libshutdown$$0000000C      0x080001d0   Section        0  libshutdown2.o(.ARM.Collect$$libshutdown$$0000000C)
    .ARM.Collect$$libshutdown$$0000000E      0x080001d0   Section        0  libshutdown2.o(.ARM.Collect$$libshutdown$$0000000E)
    .ARM.Collect$$libshutdown$$00000011      0x080001d0   Section        0  libshutdown2.o(.ARM.Collect$$libshutdown$$00000011)
    .ARM.Collect$$libshutdown$$00000012      0x080001d0   Section        2  libshutdown2.o(.ARM.Collect$$libshutdown$$00000012)
    .ARM.Collect$$rtentry$$00000000          0x080001d2   Section        0  __rtentry.o(.ARM.Collect$$rtentry$$00000000)
    .ARM.Collect$$rtentry$$00000002          0x080001d2   Section        0  __rtentry2.o(.ARM.Collect$$rtentry$$00000002)
    .ARM.Collect$$rtentry$$00000004          0x080001d2   Section        6  __rtentry4.o(.ARM.Collect$$rtentry$$00000004)
    .ARM.Collect$$rtentry$$00000009          0x080001d8   Section        0  __rtentry2.o(.ARM.Collect$$rtentry$$00000009)
    .ARM.Collect$$rtentry$$0000000A          0x080001d8   Section        4  __rtentry2.o(.ARM.Collect$$rtentry$$0000000A)
    .ARM.Collect$$rtentry$$0000000C          0x080001dc   Section        0  __rtentry2.o(.ARM.Collect$$rtentry$$0000000C)
    .ARM.Collect$$rtentry$$0000000D          0x080001dc   Section        8  __rtentry2.o(.ARM.Collect$$rtentry$$0000000D)
    .ARM.Collect$$rtexit$$00000000           0x080001e4   Section        2  rtexit.o(.ARM.Collect$$rtexit$$00000000)
    .ARM.Collect$$rtexit$$00000002           0x080001e6   Section        0  rtexit2.o(.ARM.Collect$$rtexit$$00000002)
    .ARM.Collect$$rtexit$$00000003           0x080001e6   Section        4  rtexit2.o(.ARM.Collect$$rtexit$$00000003)
    .ARM.Collect$$rtexit$$00000004           0x080001ea   Section        6  rtexit2.o(.ARM.Collect$$rtexit$$00000004)
    .text                                    0x080001f0   Section        0  main.o(.text)
    .text                                    0x080002c4   Section        0  stm32f10x_it.o(.text)
    .text                                    0x080002e0   Section        0  system_stm32f10x.o(.text)
    SetSysClockTo72                          0x080002e1   Thumb Code   214  system_stm32f10x.o(.text)
    SetSysClock                              0x080003b7   Thumb Code     8  system_stm32f10x.o(.text)
    .text                                    0x080004c0   Section        0  led.o(.text)
    .text                                    0x08000510   Section        0  beep.o(.text)
    .text                                    0x08000550   Section        0  delay.o(.text)
    .text                                    0x08000624   Section        0  usart.o(.text)
    .text                                    0x08000a90   Section       64  startup_stm32f10x_hd.o(.text)
    .text                                    0x08000ad0   Section        0  stm32f10x_gpio.o(.text)
    .text                                    0x08000e2c   Section        0  stm32f10x_rcc.o(.text)
    .text                                    0x080011d0   Section        0  stm32f10x_usart.o(.text)
    .text                                    0x080015d8   Section        0  misc.o(.text)
    .text                                    0x080016b4   Section        2  use_no_semi_2.o(.text)
    .text                                    0x080016b8   Section       16  rt_ctype_table.o(.text)
    .text                                    0x080016c8   Section        0  noretval__2printf.o(.text)
    .text                                    0x080016e0   Section        0  __printf.o(.text)
    .text                                    0x08001748   Section        0  _printf_str.o(.text)
    .text                                    0x0800179c   Section        0  __0sscanf.o(.text)
    .text                                    0x080017d8   Section        0  _scanf_str.o(.text)
    .text                                    0x080018b8   Section        0  strstr.o(.text)
    .text                                    0x080018dc   Section      128  strcmpv7m.o(.text)
    .text                                    0x0800195c   Section        0  heapauxi.o(.text)
    .text                                    0x08001962   Section        2  use_no_semi.o(.text)
    .text                                    0x08001964   Section        8  rt_locale_intlibspace.o(.text)
    .text                                    0x0800196c   Section        0  _printf_char.o(.text)
    .text                                    0x08001998   Section        0  _printf_char_file.o(.text)
    .text                                    0x080019bc   Section        0  scanf_fp.o(.text)
    _fp_value                                0x080019bd   Thumb Code   588  scanf_fp.o(.text)
    .text                                    0x08001eb4   Section        0  scanf_char.o(.text)
    _scanf_char_input                        0x08001eb5   Thumb Code    12  scanf_char.o(.text)
    .text                                    0x08001ee0   Section        0  _sgetc.o(.text)
    .text                                    0x08001f20   Section        8  libspace.o(.text)
    .text                                    0x08001f28   Section        8  rt_errno_addr_intlibspace.o(.text)
    .text                                    0x08001f30   Section        0  isspace.o(.text)
    .text                                    0x08001f44   Section        0  _printf_char_common.o(.text)
    _printf_input_char                       0x08001f45   Thumb Code    10  _printf_char_common.o(.text)
    .text                                    0x08001f74   Section        0  _scanf.o(.text)
    .text                                    0x080022e8   Section        0  bigflt0.o(.text)
    .text                                    0x080023cc   Section        0  ferror.o(.text)
    .text                                    0x080023d4   Section       74  sys_stackheap_outer.o(.text)
    .text                                    0x0800241e   Section        0  _rserrno.o(.text)
    .text                                    0x08002434   Section        0  scanf_hexfp.o(.text)
    .text                                    0x08002754   Section        0  scanf_infnan.o(.text)
    .text                                    0x08002888   Section        0  exit.o(.text)
    .text                                    0x0800289a   Section       38  llshl.o(.text)
    .text                                    0x080028c0   Section        0  _chval.o(.text)
    CL$$btod_div_common                      0x080028dc   Section      824  btod.o(CL$$btod_div_common)
    CL$$btod_e2d                             0x08002c14   Section      132  btod.o(CL$$btod_e2d)
    CL$$btod_e2e                             0x08002c98   Section      220  btod.o(CL$$btod_e2e)
    CL$$btod_ediv                            0x08002d74   Section       42  btod.o(CL$$btod_ediv)
    CL$$btod_edivd                           0x08002d9e   Section       42  btod.o(CL$$btod_edivd)
    CL$$btod_emul                            0x08002dc8   Section       42  btod.o(CL$$btod_emul)
    CL$$btod_emuld                           0x08002df2   Section       42  btod.o(CL$$btod_emuld)
    CL$$btod_mult_common                     0x08002e1c   Section      580  btod.o(CL$$btod_mult_common)
    i.__mathlib_dbl_overflow                 0x08003060   Section        0  dunder.o(i.__mathlib_dbl_overflow)
    i.__mathlib_dbl_underflow                0x08003070   Section        0  dunder.o(i.__mathlib_dbl_underflow)
    i.__mathlib_narrow                       0x08003080   Section        0  narrow.o(i.__mathlib_narrow)
    i.__mathlib_tofloat                      0x08003090   Section        0  narrow.o(i.__mathlib_tofloat)
    i.__support_ldexp                        0x0800314c   Section        0  ldexp.o(i.__support_ldexp)
    i._is_digit                              0x08003162   Section        0  __printf_wp.o(i._is_digit)
    i.frexp                                  0x08003170   Section        0  frexp.o(i.frexp)
    i.ldexp                                  0x080031c8   Section        0  ldexp.o(i.ldexp)
    locale$$code                             0x0800323c   Section       44  lc_ctype_c.o(locale$$code)
    locale$$code                             0x08003268   Section       44  lc_numeric_c.o(locale$$code)
    x$fpl$d2f                                0x08003294   Section       98  d2f.o(x$fpl$d2f)
    x$fpl$dcheck1                            0x080032f8   Section       16  dcheck1.o(x$fpl$dcheck1)
    x$fpl$dcmpinf                            0x08003308   Section       24  dcmpi.o(x$fpl$dcmpinf)
    x$fpl$deqf                               0x08003320   Section      120  deqf.o(x$fpl$deqf)
    x$fpl$dleqf                              0x08003398   Section      120  dleqf.o(x$fpl$dleqf)
    x$fpl$dnaninf                            0x08003410   Section      156  dnaninf.o(x$fpl$dnaninf)
    x$fpl$drleqf                             0x080034ac   Section      108  drleqf.o(x$fpl$drleqf)
    x$fpl$fretinf                            0x08003518   Section       10  fretinf.o(x$fpl$fretinf)
    x$fpl$ieeestatus                         0x08003522   Section        6  istatus.o(x$fpl$ieeestatus)
    x$fpl$retnan                             0x08003528   Section      100  retnan.o(x$fpl$retnan)
    x$fpl$scalbn                             0x0800358c   Section       92  scalbn.o(x$fpl$scalbn)
    x$fpl$scanf1                             0x080035e8   Section        4  scanf1.o(x$fpl$scanf1)
    x$fpl$scanf2                             0x080035ec   Section        8  scanf2.o(x$fpl$scanf2)
    x$fpl$trapveneer                         0x080035f4   Section       48  trapv.o(x$fpl$trapveneer)
    .constdata                               0x08003624   Section      148  bigflt0.o(.constdata)
    x$fpl$usenofp                            0x08003624   Section        0  usenofp.o(x$fpl$usenofp)
    tenpwrs_x                                0x08003624   Data          60  bigflt0.o(.constdata)
    tenpwrs_i                                0x08003660   Data          64  bigflt0.o(.constdata)
    c$$dinf                                  0x080036d8   Section        8  fpconst.o(c$$dinf)
    c$$dmax                                  0x080036e0   Section        8  fpconst.o(c$$dmax)
    locale$$data                             0x080036e8   Section      272  lc_ctype_c.o(locale$$data)
    __lcctype_c_name                         0x080036ec   Data           2  lc_ctype_c.o(locale$$data)
    __lcctype_c_start                        0x080036f4   Data           0  lc_ctype_c.o(locale$$data)
    locale$$data                             0x080037f8   Section       28  lc_numeric_c.o(locale$$data)
    __lcctype_c_end                          0x080037f8   Data           0  lc_ctype_c.o(locale$$data)
    __lcnum_c_name                           0x080037fc   Data           2  lc_numeric_c.o(locale$$data)
    __lcnum_c_start                          0x08003804   Data           0  lc_numeric_c.o(locale$$data)
    __lcnum_c_point                          0x08003810   Data           0  lc_numeric_c.o(locale$$data)
    __lcnum_c_thousands                      0x08003812   Data           0  lc_numeric_c.o(locale$$data)
    __lcnum_c_grouping                       0x08003813   Data           0  lc_numeric_c.o(locale$$data)
    __lcnum_c_end                            0x08003814   Data           0  lc_numeric_c.o(locale$$data)
    .data                                    0x20000000   Section       20  system_stm32f10x.o(.data)
    .data                                    0x20000014   Section        4  delay.o(.data)
    fac_us                                   0x20000014   Data           1  delay.o(.data)
    fac_ms                                   0x20000016   Data           2  delay.o(.data)
    .data                                    0x20000018   Section       44  usart.o(.data)
    USART_num                                0x20000040   Data           2  usart.o(.data)
    USART_num                                0x20000042   Data           2  usart.o(.data)
    .data                                    0x20000044   Section       20  stm32f10x_rcc.o(.data)
    APBAHBPrescTable                         0x20000044   Data          16  stm32f10x_rcc.o(.data)
    ADCPrescTable                            0x20000054   Data           4  stm32f10x_rcc.o(.data)
    .bss                                     0x20000058   Section      665  usart.o(.bss)
    .bss                                     0x200002f4   Section       96  libspace.o(.bss)
    HEAP                                     0x20000358   Section      512  startup_stm32f10x_hd.o(HEAP)
    Heap_Mem                                 0x20000358   Data         512  startup_stm32f10x_hd.o(HEAP)
    STACK                                    0x20000558   Section     1024  startup_stm32f10x_hd.o(STACK)
    Stack_Mem                                0x20000558   Data        1024  startup_stm32f10x_hd.o(STACK)
    __initial_sp                             0x20000958   Data           0  startup_stm32f10x_hd.o(STACK)

    Global Symbols

    Symbol Name                              Value     Ov Type        Size  Object(Section)

    BuildAttributes$$THM_ISAv4$P$D$K$B$S$PE$A:L22UL41UL21$X:L11$S22US41US21$IEEE1$IW$USESV6$~STKCKD$USESV7$~SHL$OTIME$ROPI$IEEEX$EBA8$UX$STANDARDLIB$REQ8$PRES8$EABIv2 0x00000000   Number         0  anon$$obj.o ABSOLUTE
    __ARM_use_no_argv                        0x00000000   Number         0  main.o ABSOLUTE
    __ARM_exceptions_init                     - Undefined Weak Reference
    __alloca_initialize                       - Undefined Weak Reference
    __arm_fini_                               - Undefined Weak Reference
    __arm_preinit_                            - Undefined Weak Reference
    __cpp_initialize__aeabi_                  - Undefined Weak Reference
    __cxa_finalize                            - Undefined Weak Reference
    __sigvec_lookup                           - Undefined Weak Reference
    _atexit_init                              - Undefined Weak Reference
    _call_atexit_fns                          - Undefined Weak Reference
    _clock_init                               - Undefined Weak Reference
    _fp_trap_init                             - Undefined Weak Reference
    _fp_trap_shutdown                         - Undefined Weak Reference
    _get_lc_collate                           - Undefined Weak Reference
    _get_lc_monetary                          - Undefined Weak Reference
    _get_lc_time                              - Undefined Weak Reference
    _getenv_init                              - Undefined Weak Reference
    _handle_redirection                       - Undefined Weak Reference
    _init_alloc                               - Undefined Weak Reference
    _init_user_alloc                          - Undefined Weak Reference
    _initio                                   - Undefined Weak Reference
    _mutex_acquire                            - Undefined Weak Reference
    _mutex_release                            - Undefined Weak Reference
    _printf_mbtowc                            - Undefined Weak Reference
    _printf_post_padding                      - Undefined Weak Reference
    _printf_pre_padding                       - Undefined Weak Reference
    _rand_init                                - Undefined Weak Reference
    _scanf_int                                - Undefined Weak Reference
    _scanf_longlong                           - Undefined Weak Reference
    _scanf_mbtowc                             - Undefined Weak Reference
    _scanf_wctomb                             - Undefined Weak Reference
    _scanf_wstring                            - Undefined Weak Reference
    _signal_finish                            - Undefined Weak Reference
    _signal_init                              - Undefined Weak Reference
    _terminate_alloc                          - Undefined Weak Reference
    _terminate_user_alloc                     - Undefined Weak Reference
    _terminateio                              - Undefined Weak Reference
    __Vectors_Size                           0x00000130   Number         0  startup_stm32f10x_hd.o ABSOLUTE
    __Vectors                                0x08000000   Data           4  startup_stm32f10x_hd.o(RESET)
    __Vectors_End                            0x08000130   Data           0  startup_stm32f10x_hd.o(RESET)
    __main                                   0x08000131   Thumb Code     8  __main.o(!!!main)
    __scatterload                            0x08000139   Thumb Code     0  __scatter.o(!!!scatter)
    __scatterload_rt2                        0x08000139   Thumb Code    44  __scatter.o(!!!scatter)
    __scatterload_rt2_thumb_only             0x08000139   Thumb Code     0  __scatter.o(!!!scatter)
    __scatterload_null                       0x08000147   Thumb Code     0  __scatter.o(!!!scatter)
    __scatterload_copy                       0x0800016d   Thumb Code    26  __scatter_copy.o(!!handler_copy)
    __scatterload_zeroinit                   0x08000189   Thumb Code    28  __scatter_zi.o(!!handler_zi)
    _printf_percent                          0x080001a5   Thumb Code     0  _printf_percent.o(.ARM.Collect$$_printf_percent$$00000000)
    _printf_s                                0x080001a5   Thumb Code     0  _printf_s.o(.ARM.Collect$$_printf_percent$$00000014)
    _printf_percent_end                      0x080001ab   Thumb Code     0  _printf_percent_end.o(.ARM.Collect$$_printf_percent$$00000017)
    __rt_lib_init                            0x080001af   Thumb Code     0  libinit.o(.ARM.Collect$$libinit$$00000000)
    __rt_lib_init_fp_1                       0x080001b1   Thumb Code     0  libinit2.o(.ARM.Collect$$libinit$$00000002)
    __rt_lib_init_heap_1                     0x080001b1   Thumb Code     0  libinit2.o(.ARM.Collect$$libinit$$0000000A)
    __rt_lib_init_lc_common                  0x080001b1   Thumb Code     0  libinit2.o(.ARM.Collect$$libinit$$0000000F)
    __rt_lib_init_preinit_1                  0x080001b1   Thumb Code     0  libinit2.o(.ARM.Collect$$libinit$$00000004)
    __rt_lib_init_rand_1                     0x080001b1   Thumb Code     0  libinit2.o(.ARM.Collect$$libinit$$0000000E)
    __rt_lib_init_user_alloc_1               0x080001b1   Thumb Code     0  libinit2.o(.ARM.Collect$$libinit$$0000000C)
    __rt_lib_init_lc_collate_1               0x080001b7   Thumb Code     0  libinit2.o(.ARM.Collect$$libinit$$00000011)
    __rt_lib_init_lc_ctype_2                 0x080001b7   Thumb Code     0  libinit2.o(.ARM.Collect$$libinit$$00000012)
    __rt_lib_init_lc_ctype_1                 0x080001c3   Thumb Code     0  libinit2.o(.ARM.Collect$$libinit$$00000013)
    __rt_lib_init_lc_monetary_1              0x080001c3   Thumb Code     0  libinit2.o(.ARM.Collect$$libinit$$00000015)
    __rt_lib_init_lc_numeric_2               0x080001c3   Thumb Code     0  libinit2.o(.ARM.Collect$$libinit$$00000016)
    __rt_lib_init_alloca_1                   0x080001cd   Thumb Code     0  libinit2.o(.ARM.Collect$$libinit$$0000002E)
    __rt_lib_init_argv_1                     0x080001cd   Thumb Code     0  libinit2.o(.ARM.Collect$$libinit$$0000002C)
    __rt_lib_init_atexit_1                   0x080001cd   Thumb Code     0  libinit2.o(.ARM.Collect$$libinit$$0000001B)
    __rt_lib_init_clock_1                    0x080001cd   Thumb Code     0  libinit2.o(.ARM.Collect$$libinit$$00000021)
    __rt_lib_init_cpp_1                      0x080001cd   Thumb Code     0  libinit2.o(.ARM.Collect$$libinit$$00000032)
    __rt_lib_init_exceptions_1               0x080001cd   Thumb Code     0  libinit2.o(.ARM.Collect$$libinit$$00000030)
    __rt_lib_init_fp_trap_1                  0x080001cd   Thumb Code     0  libinit2.o(.ARM.Collect$$libinit$$0000001F)
    __rt_lib_init_getenv_1                   0x080001cd   Thumb Code     0  libinit2.o(.ARM.Collect$$libinit$$00000023)
    __rt_lib_init_lc_numeric_1               0x080001cd   Thumb Code     0  libinit2.o(.ARM.Collect$$libinit$$00000017)
    __rt_lib_init_lc_time_1                  0x080001cd   Thumb Code     0  libinit2.o(.ARM.Collect$$libinit$$00000019)
    __rt_lib_init_return                     0x080001cd   Thumb Code     0  libinit2.o(.ARM.Collect$$libinit$$00000033)
    __rt_lib_init_signal_1                   0x080001cd   Thumb Code     0  libinit2.o(.ARM.Collect$$libinit$$0000001D)
    __rt_lib_init_stdio_1                    0x080001cd   Thumb Code     0  libinit2.o(.ARM.Collect$$libinit$$00000025)
    __rt_lib_shutdown                        0x080001cf   Thumb Code     0  libshutdown.o(.ARM.Collect$$libshutdown$$00000000)
    __rt_lib_shutdown_cpp_1                  0x080001d1   Thumb Code     0  libshutdown2.o(.ARM.Collect$$libshutdown$$00000004)
    __rt_lib_shutdown_fini_1                 0x080001d1   Thumb Code     0  libshutdown2.o(.ARM.Collect$$libshutdown$$00000002)
    __rt_lib_shutdown_fp_trap_1              0x080001d1   Thumb Code     0  libshutdown2.o(.ARM.Collect$$libshutdown$$00000009)
    __rt_lib_shutdown_heap_1                 0x080001d1   Thumb Code     0  libshutdown2.o(.ARM.Collect$$libshutdown$$00000011)
    __rt_lib_shutdown_return                 0x080001d1   Thumb Code     0  libshutdown2.o(.ARM.Collect$$libshutdown$$00000012)
    __rt_lib_shutdown_signal_1               0x080001d1   Thumb Code     0  libshutdown2.o(.ARM.Collect$$libshutdown$$0000000C)
    __rt_lib_shutdown_stdio_1                0x080001d1   Thumb Code     0  libshutdown2.o(.ARM.Collect$$libshutdown$$00000006)
    __rt_lib_shutdown_user_alloc_1           0x080001d1   Thumb Code     0  libshutdown2.o(.ARM.Collect$$libshutdown$$0000000E)
    __rt_entry                               0x080001d3   Thumb Code     0  __rtentry.o(.ARM.Collect$$rtentry$$00000000)
    __rt_entry_presh_1                       0x080001d3   Thumb Code     0  __rtentry2.o(.ARM.Collect$$rtentry$$00000002)
    __rt_entry_sh                            0x080001d3   Thumb Code     0  __rtentry4.o(.ARM.Collect$$rtentry$$00000004)
    __rt_entry_li                            0x080001d9   Thumb Code     0  __rtentry2.o(.ARM.Collect$$rtentry$$0000000A)
    __rt_entry_postsh_1                      0x080001d9   Thumb Code     0  __rtentry2.o(.ARM.Collect$$rtentry$$00000009)
    __rt_entry_main                          0x080001dd   Thumb Code     0  __rtentry2.o(.ARM.Collect$$rtentry$$0000000D)
    __rt_entry_postli_1                      0x080001dd   Thumb Code     0  __rtentry2.o(.ARM.Collect$$rtentry$$0000000C)
    __rt_exit                                0x080001e5   Thumb Code     0  rtexit.o(.ARM.Collect$$rtexit$$00000000)
    __rt_exit_ls                             0x080001e7   Thumb Code     0  rtexit2.o(.ARM.Collect$$rtexit$$00000003)
    __rt_exit_prels_1                        0x080001e7   Thumb Code     0  rtexit2.o(.ARM.Collect$$rtexit$$00000002)
    __rt_exit_exit                           0x080001eb   Thumb Code     0  rtexit2.o(.ARM.Collect$$rtexit$$00000004)
    main                                     0x080001f1   Thumb Code   150  main.o(.text)
    NMI_Handler                              0x080002c5   Thumb Code     2  stm32f10x_it.o(.text)
    HardFault_Handler                        0x080002c7   Thumb Code     4  stm32f10x_it.o(.text)
    MemManage_Handler                        0x080002cb   Thumb Code     4  stm32f10x_it.o(.text)
    BusFault_Handler                         0x080002cf   Thumb Code     4  stm32f10x_it.o(.text)
    UsageFault_Handler                       0x080002d3   Thumb Code     4  stm32f10x_it.o(.text)
    SVC_Handler                              0x080002d7   Thumb Code     2  stm32f10x_it.o(.text)
    DebugMon_Handler                         0x080002d9   Thumb Code     2  stm32f10x_it.o(.text)
    PendSV_Handler                           0x080002db   Thumb Code     2  stm32f10x_it.o(.text)
    SysTick_Handler                          0x080002dd   Thumb Code     2  stm32f10x_it.o(.text)
    SystemInit                               0x080003bf   Thumb Code    78  system_stm32f10x.o(.text)
    SystemCoreClockUpdate                    0x0800040d   Thumb Code   142  system_stm32f10x.o(.text)
    LED_Init                                 0x080004c1   Thumb Code    72  led.o(.text)
    BEEP_Init                                0x08000511   Thumb Code    38  beep.o(.text)
    BEEP                                     0x08000537   Thumb Code     8  beep.o(.text)
    BEEP_stop                                0x0800053f   Thumb Code     8  beep.o(.text)
    delay_init                               0x08000551   Thumb Code    50  delay.o(.text)
    delay_us                                 0x08000583   Thumb Code    72  delay.o(.text)
    delay_ms                                 0x080005cb   Thumb Code    72  delay.o(.text)
    _sys_exit                                0x08000625   Thumb Code     4  usart.o(.text)
    fputc                                    0x08000629   Thumb Code    24  usart.o(.text)
    uart1_init                               0x08000641   Thumb Code   158  usart.o(.text)
    uart3_init                               0x080006df   Thumb Code   160  usart.o(.text)
    uart2_init                               0x0800077f   Thumb Code   156  usart.o(.text)
    USART3_IRQHandler                        0x0800081b   Thumb Code    32  usart.o(.text)
    USART1_IRQHandler                        0x0800083b   Thumb Code   118  usart.o(.text)
    removeSpaces                             0x080008b1   Thumb Code    46  usart.o(.text)
    USART2_IRQHandler                        0x080008df   Thumb Code   146  usart.o(.text)
    usartSendByte                            0x08000971   Thumb Code    30  usart.o(.text)
    usartSendStr                             0x0800098f   Thumb Code    44  usart.o(.text)
    Reset_Handler                            0x08000a91   Thumb Code     8  startup_stm32f10x_hd.o(.text)
    ADC1_2_IRQHandler                        0x08000aab   Thumb Code     0  startup_stm32f10x_hd.o(.text)
    ADC3_IRQHandler                          0x08000aab   Thumb Code     0  startup_stm32f10x_hd.o(.text)
    CAN1_RX1_IRQHandler                      0x08000aab   Thumb Code     0  startup_stm32f10x_hd.o(.text)
    CAN1_SCE_IRQHandler                      0x08000aab   Thumb Code     0  startup_stm32f10x_hd.o(.text)
    DMA1_Channel1_IRQHandler                 0x08000aab   Thumb Code     0  startup_stm32f10x_hd.o(.text)
    DMA1_Channel2_IRQHandler                 0x08000aab   Thumb Code     0  startup_stm32f10x_hd.o(.text)
    DMA1_Channel3_IRQHandler                 0x08000aab   Thumb Code     0  startup_stm32f10x_hd.o(.text)
    DMA1_Channel4_IRQHandler                 0x08000aab   Thumb Code     0  startup_stm32f10x_hd.o(.text)
    DMA1_Channel5_IRQHandler                 0x08000aab   Thumb Code     0  startup_stm32f10x_hd.o(.text)
    DMA1_Channel6_IRQHandler                 0x08000aab   Thumb Code     0  startup_stm32f10x_hd.o(.text)
    DMA1_Channel7_IRQHandler                 0x08000aab   Thumb Code     0  startup_stm32f10x_hd.o(.text)
    DMA2_Channel1_IRQHandler                 0x08000aab   Thumb Code     0  startup_stm32f10x_hd.o(.text)
    DMA2_Channel2_IRQHandler                 0x08000aab   Thumb Code     0  startup_stm32f10x_hd.o(.text)
    DMA2_Channel3_IRQHandler                 0x08000aab   Thumb Code     0  startup_stm32f10x_hd.o(.text)
    DMA2_Channel4_5_IRQHandler               0x08000aab   Thumb Code     0  startup_stm32f10x_hd.o(.text)
    EXTI0_IRQHandler                         0x08000aab   Thumb Code     0  startup_stm32f10x_hd.o(.text)
    EXTI15_10_IRQHandler                     0x08000aab   Thumb Code     0  startup_stm32f10x_hd.o(.text)
    EXTI1_IRQHandler                         0x08000aab   Thumb Code     0  startup_stm32f10x_hd.o(.text)
    EXTI2_IRQHandler                         0x08000aab   Thumb Code     0  startup_stm32f10x_hd.o(.text)
    EXTI3_IRQHandler                         0x08000aab   Thumb Code     0  startup_stm32f10x_hd.o(.text)
    EXTI4_IRQHandler                         0x08000aab   Thumb Code     0  startup_stm32f10x_hd.o(.text)
    EXTI9_5_IRQHandler                       0x08000aab   Thumb Code     0  startup_stm32f10x_hd.o(.text)
    FLASH_IRQHandler                         0x08000aab   Thumb Code     0  startup_stm32f10x_hd.o(.text)
    FSMC_IRQHandler                          0x08000aab   Thumb Code     0  startup_stm32f10x_hd.o(.text)
    I2C1_ER_IRQHandler                       0x08000aab   Thumb Code     0  startup_stm32f10x_hd.o(.text)
    I2C1_EV_IRQHandler                       0x08000aab   Thumb Code     0  startup_stm32f10x_hd.o(.text)
    I2C2_ER_IRQHandler                       0x08000aab   Thumb Code     0  startup_stm32f10x_hd.o(.text)
    I2C2_EV_IRQHandler                       0x08000aab   Thumb Code     0  startup_stm32f10x_hd.o(.text)
    PVD_IRQHandler                           0x08000aab   Thumb Code     0  startup_stm32f10x_hd.o(.text)
    RCC_IRQHandler                           0x08000aab   Thumb Code     0  startup_stm32f10x_hd.o(.text)
    RTCAlarm_IRQHandler                      0x08000aab   Thumb Code     0  startup_stm32f10x_hd.o(.text)
    RTC_IRQHandler                           0x08000aab   Thumb Code     0  startup_stm32f10x_hd.o(.text)
    SDIO_IRQHandler                          0x08000aab   Thumb Code     0  startup_stm32f10x_hd.o(.text)
    SPI1_IRQHandler                          0x08000aab   Thumb Code     0  startup_stm32f10x_hd.o(.text)
    SPI2_IRQHandler                          0x08000aab   Thumb Code     0  startup_stm32f10x_hd.o(.text)
    SPI3_IRQHandler                          0x08000aab   Thumb Code     0  startup_stm32f10x_hd.o(.text)
    TAMPER_IRQHandler                        0x08000aab   Thumb Code     0  startup_stm32f10x_hd.o(.text)
    TIM1_BRK_IRQHandler                      0x08000aab   Thumb Code     0  startup_stm32f10x_hd.o(.text)
    TIM1_CC_IRQHandler                       0x08000aab   Thumb Code     0  startup_stm32f10x_hd.o(.text)
    TIM1_TRG_COM_IRQHandler                  0x08000aab   Thumb Code     0  startup_stm32f10x_hd.o(.text)
    TIM1_UP_IRQHandler                       0x08000aab   Thumb Code     0  startup_stm32f10x_hd.o(.text)
    TIM2_IRQHandler                          0x08000aab   Thumb Code     0  startup_stm32f10x_hd.o(.text)
    TIM3_IRQHandler                          0x08000aab   Thumb Code     0  startup_stm32f10x_hd.o(.text)
    TIM4_IRQHandler                          0x08000aab   Thumb Code     0  startup_stm32f10x_hd.o(.text)
    TIM5_IRQHandler                          0x08000aab   Thumb Code     0  startup_stm32f10x_hd.o(.text)
    TIM6_IRQHandler                          0x08000aab   Thumb Code     0  startup_stm32f10x_hd.o(.text)
    TIM7_IRQHandler                          0x08000aab   Thumb Code     0  startup_stm32f10x_hd.o(.text)
    TIM8_BRK_IRQHandler                      0x08000aab   Thumb Code     0  startup_stm32f10x_hd.o(.text)
    TIM8_CC_IRQHandler                       0x08000aab   Thumb Code     0  startup_stm32f10x_hd.o(.text)
    TIM8_TRG_COM_IRQHandler                  0x08000aab   Thumb Code     0  startup_stm32f10x_hd.o(.text)
    TIM8_UP_IRQHandler                       0x08000aab   Thumb Code     0  startup_stm32f10x_hd.o(.text)
    UART4_IRQHandler                         0x08000aab   Thumb Code     0  startup_stm32f10x_hd.o(.text)
    UART5_IRQHandler                         0x08000aab   Thumb Code     0  startup_stm32f10x_hd.o(.text)
    USBWakeUp_IRQHandler                     0x08000aab   Thumb Code     0  startup_stm32f10x_hd.o(.text)
    USB_HP_CAN1_TX_IRQHandler                0x08000aab   Thumb Code     0  startup_stm32f10x_hd.o(.text)
    USB_LP_CAN1_RX0_IRQHandler               0x08000aab   Thumb Code     0  startup_stm32f10x_hd.o(.text)
    WWDG_IRQHandler                          0x08000aab   Thumb Code     0  startup_stm32f10x_hd.o(.text)
    __user_initial_stackheap                 0x08000aad   Thumb Code     0  startup_stm32f10x_hd.o(.text)
    GPIO_DeInit                              0x08000ad1   Thumb Code   172  stm32f10x_gpio.o(.text)
    GPIO_AFIODeInit                          0x08000b7d   Thumb Code    20  stm32f10x_gpio.o(.text)
    GPIO_Init                                0x08000b91   Thumb Code   278  stm32f10x_gpio.o(.text)
    GPIO_StructInit                          0x08000ca7   Thumb Code    16  stm32f10x_gpio.o(.text)
    GPIO_ReadInputDataBit                    0x08000cb7   Thumb Code    18  stm32f10x_gpio.o(.text)
    GPIO_ReadInputData                       0x08000cc9   Thumb Code     8  stm32f10x_gpio.o(.text)
    GPIO_ReadOutputDataBit                   0x08000cd1   Thumb Code    18  stm32f10x_gpio.o(.text)
    GPIO_ReadOutputData                      0x08000ce3   Thumb Code     8  stm32f10x_gpio.o(.text)
    GPIO_SetBits                             0x08000ceb   Thumb Code     4  stm32f10x_gpio.o(.text)
    GPIO_ResetBits                           0x08000cef   Thumb Code     4  stm32f10x_gpio.o(.text)
    GPIO_WriteBit                            0x08000cf3   Thumb Code    10  stm32f10x_gpio.o(.text)
    GPIO_Write                               0x08000cfd   Thumb Code     4  stm32f10x_gpio.o(.text)
    GPIO_PinLockConfig                       0x08000d01   Thumb Code    18  stm32f10x_gpio.o(.text)
    GPIO_EventOutputConfig                   0x08000d13   Thumb Code    26  stm32f10x_gpio.o(.text)
    GPIO_EventOutputCmd                      0x08000d2d   Thumb Code     6  stm32f10x_gpio.o(.text)
    GPIO_PinRemapConfig                      0x08000d33   Thumb Code   138  stm32f10x_gpio.o(.text)
    GPIO_EXTILineConfig                      0x08000dbd   Thumb Code    66  stm32f10x_gpio.o(.text)
    GPIO_ETH_MediaInterfaceConfig            0x08000dff   Thumb Code     8  stm32f10x_gpio.o(.text)
    RCC_DeInit                               0x08000e2d   Thumb Code    64  stm32f10x_rcc.o(.text)
    RCC_HSEConfig                            0x08000e6d   Thumb Code    70  stm32f10x_rcc.o(.text)
    RCC_GetFlagStatus                        0x08000eb3   Thumb Code    56  stm32f10x_rcc.o(.text)
    RCC_WaitForHSEStartUp                    0x08000eeb   Thumb Code    56  stm32f10x_rcc.o(.text)
    RCC_AdjustHSICalibrationValue            0x08000f23   Thumb Code    20  stm32f10x_rcc.o(.text)
    RCC_HSICmd                               0x08000f37   Thumb Code     6  stm32f10x_rcc.o(.text)
    RCC_PLLConfig                            0x08000f3d   Thumb Code    24  stm32f10x_rcc.o(.text)
    RCC_PLLCmd                               0x08000f55   Thumb Code     6  stm32f10x_rcc.o(.text)
    RCC_SYSCLKConfig                         0x08000f5b   Thumb Code    18  stm32f10x_rcc.o(.text)
    RCC_GetSYSCLKSource                      0x08000f6d   Thumb Code    10  stm32f10x_rcc.o(.text)
    RCC_HCLKConfig                           0x08000f77   Thumb Code    18  stm32f10x_rcc.o(.text)
    RCC_PCLK1Config                          0x08000f89   Thumb Code    18  stm32f10x_rcc.o(.text)
    RCC_PCLK2Config                          0x08000f9b   Thumb Code    20  stm32f10x_rcc.o(.text)
    RCC_ITConfig                             0x08000faf   Thumb Code    26  stm32f10x_rcc.o(.text)
    RCC_USBCLKConfig                         0x08000fc9   Thumb Code     8  stm32f10x_rcc.o(.text)
    RCC_ADCCLKConfig                         0x08000fd1   Thumb Code    18  stm32f10x_rcc.o(.text)
    RCC_LSEConfig                            0x08000fe3   Thumb Code    50  stm32f10x_rcc.o(.text)
    RCC_LSICmd                               0x08001015   Thumb Code     6  stm32f10x_rcc.o(.text)
    RCC_RTCCLKConfig                         0x0800101b   Thumb Code    12  stm32f10x_rcc.o(.text)
    RCC_RTCCLKCmd                            0x08001027   Thumb Code     8  stm32f10x_rcc.o(.text)
    RCC_GetClocksFreq                        0x0800102f   Thumb Code   192  stm32f10x_rcc.o(.text)
    RCC_AHBPeriphClockCmd                    0x080010ef   Thumb Code    26  stm32f10x_rcc.o(.text)
    RCC_APB2PeriphClockCmd                   0x08001109   Thumb Code    26  stm32f10x_rcc.o(.text)
    RCC_APB1PeriphClockCmd                   0x08001123   Thumb Code    26  stm32f10x_rcc.o(.text)
    RCC_APB2PeriphResetCmd                   0x0800113d   Thumb Code    26  stm32f10x_rcc.o(.text)
    RCC_APB1PeriphResetCmd                   0x08001157   Thumb Code    26  stm32f10x_rcc.o(.text)
    RCC_BackupResetCmd                       0x08001171   Thumb Code     8  stm32f10x_rcc.o(.text)
    RCC_ClockSecuritySystemCmd               0x08001179   Thumb Code     6  stm32f10x_rcc.o(.text)
    RCC_MCOConfig                            0x0800117f   Thumb Code     6  stm32f10x_rcc.o(.text)
    RCC_ClearFlag                            0x08001185   Thumb Code    14  stm32f10x_rcc.o(.text)
    RCC_GetITStatus                          0x08001193   Thumb Code    20  stm32f10x_rcc.o(.text)
    RCC_ClearITPendingBit                    0x080011a7   Thumb Code     6  stm32f10x_rcc.o(.text)
    USART_DeInit                             0x080011d1   Thumb Code   134  stm32f10x_usart.o(.text)
    USART_Init                               0x08001257   Thumb Code   210  stm32f10x_usart.o(.text)
    USART_StructInit                         0x08001329   Thumb Code    24  stm32f10x_usart.o(.text)
    USART_ClockInit                          0x08001341   Thumb Code    34  stm32f10x_usart.o(.text)
    USART_ClockStructInit                    0x08001363   Thumb Code    12  stm32f10x_usart.o(.text)
    USART_Cmd                                0x0800136f   Thumb Code    24  stm32f10x_usart.o(.text)
    USART_ITConfig                           0x08001387   Thumb Code    74  stm32f10x_usart.o(.text)
    USART_DMACmd                             0x080013d1   Thumb Code    18  stm32f10x_usart.o(.text)
    USART_SetAddress                         0x080013e3   Thumb Code    18  stm32f10x_usart.o(.text)
    USART_WakeUpConfig                       0x080013f5   Thumb Code    18  stm32f10x_usart.o(.text)
    USART_ReceiverWakeUpCmd                  0x08001407   Thumb Code    24  stm32f10x_usart.o(.text)
    USART_LINBreakDetectLengthConfig         0x0800141f   Thumb Code    18  stm32f10x_usart.o(.text)
    USART_LINCmd                             0x08001431   Thumb Code    24  stm32f10x_usart.o(.text)
    USART_SendData                           0x08001449   Thumb Code     8  stm32f10x_usart.o(.text)
    USART_ReceiveData                        0x08001451   Thumb Code    10  stm32f10x_usart.o(.text)
    USART_SendBreak                          0x0800145b   Thumb Code    10  stm32f10x_usart.o(.text)
    USART_SetGuardTime                       0x08001465   Thumb Code    16  stm32f10x_usart.o(.text)
    USART_SetPrescaler                       0x08001475   Thumb Code    16  stm32f10x_usart.o(.text)
    USART_SmartCardCmd                       0x08001485   Thumb Code    24  stm32f10x_usart.o(.text)
    USART_SmartCardNACKCmd                   0x0800149d   Thumb Code    24  stm32f10x_usart.o(.text)
    USART_HalfDuplexCmd                      0x080014b5   Thumb Code    24  stm32f10x_usart.o(.text)
    USART_OverSampling8Cmd                   0x080014cd   Thumb Code    22  stm32f10x_usart.o(.text)
    USART_OneBitMethodCmd                    0x080014e3   Thumb Code    24  stm32f10x_usart.o(.text)
    USART_IrDAConfig                         0x080014fb   Thumb Code    18  stm32f10x_usart.o(.text)
    USART_IrDACmd                            0x0800150d   Thumb Code    24  stm32f10x_usart.o(.text)
    USART_GetFlagStatus                      0x08001525   Thumb Code    26  stm32f10x_usart.o(.text)
    USART_ClearFlag                          0x0800153f   Thumb Code    18  stm32f10x_usart.o(.text)
    USART_GetITStatus                        0x08001551   Thumb Code    84  stm32f10x_usart.o(.text)
    USART_ClearITPendingBit                  0x080015a5   Thumb Code    52  stm32f10x_usart.o(.text)
    NVIC_PriorityGroupConfig                 0x080015d9   Thumb Code    10  misc.o(.text)
    NVIC_Init                                0x080015e3   Thumb Code   100  misc.o(.text)
    NVIC_SetVectorTable                      0x08001647   Thumb Code    14  misc.o(.text)
    NVIC_SystemLPConfig                      0x08001655   Thumb Code    34  misc.o(.text)
    SysTick_CLKSourceConfig                  0x08001677   Thumb Code    40  misc.o(.text)
    __use_no_semihosting                     0x080016b5   Thumb Code     2  use_no_semi_2.o(.text)
    __rt_ctype_table                         0x080016b9   Thumb Code    16  rt_ctype_table.o(.text)
    __2printf                                0x080016c9   Thumb Code    20  noretval__2printf.o(.text)
    __printf                                 0x080016e1   Thumb Code   104  __printf.o(.text)
    _printf_str                              0x08001749   Thumb Code    82  _printf_str.o(.text)
    __0sscanf                                0x0800179d   Thumb Code    52  __0sscanf.o(.text)
    _scanf_string                            0x080017d9   Thumb Code   224  _scanf_str.o(.text)
    strstr                                   0x080018b9   Thumb Code    36  strstr.o(.text)
    strcmp                                   0x080018dd   Thumb Code   128  strcmpv7m.o(.text)
    __use_two_region_memory                  0x0800195d   Thumb Code     2  heapauxi.o(.text)
    __rt_heap_escrow$2region                 0x0800195f   Thumb Code     2  heapauxi.o(.text)
    __rt_heap_expand$2region                 0x08001961   Thumb Code     2  heapauxi.o(.text)
    __I$use$semihosting                      0x08001963   Thumb Code     0  use_no_semi.o(.text)
    __use_no_semihosting_swi                 0x08001963   Thumb Code     2  use_no_semi.o(.text)
    __rt_locale                              0x08001965   Thumb Code     8  rt_locale_intlibspace.o(.text)
    _printf_cs_common                        0x0800196d   Thumb Code    20  _printf_char.o(.text)
    _printf_char                             0x08001981   Thumb Code    16  _printf_char.o(.text)
    _printf_string                           0x08001991   Thumb Code     8  _printf_char.o(.text)
    _printf_char_file                        0x08001999   Thumb Code    32  _printf_char_file.o(.text)
    _scanf_really_real                       0x08001c09   Thumb Code   684  scanf_fp.o(.text)
    __vfscanf_char                           0x08001ec1   Thumb Code    24  scanf_char.o(.text)
    _sgetc                                   0x08001ee1   Thumb Code    30  _sgetc.o(.text)
    _sbackspace                              0x08001eff   Thumb Code    34  _sgetc.o(.text)
    __user_libspace                          0x08001f21   Thumb Code     8  libspace.o(.text)
    __user_perproc_libspace                  0x08001f21   Thumb Code     0  libspace.o(.text)
    __user_perthread_libspace                0x08001f21   Thumb Code     0  libspace.o(.text)
    __aeabi_errno_addr                       0x08001f29   Thumb Code     8  rt_errno_addr_intlibspace.o(.text)
    __errno$intlibspace                      0x08001f29   Thumb Code     0  rt_errno_addr_intlibspace.o(.text)
    __rt_errno_addr$intlibspace              0x08001f29   Thumb Code     0  rt_errno_addr_intlibspace.o(.text)
    isspace                                  0x08001f31   Thumb Code    18  isspace.o(.text)
    _printf_char_common                      0x08001f4f   Thumb Code    32  _printf_char_common.o(.text)
    __vfscanf                                0x08001f75   Thumb Code   880  _scanf.o(.text)
    _btod_etento                             0x080022e9   Thumb Code   224  bigflt0.o(.text)
    ferror                                   0x080023cd   Thumb Code     8  ferror.o(.text)
    __user_setup_stackheap                   0x080023d5   Thumb Code    74  sys_stackheap_outer.o(.text)
    __read_errno                             0x0800241f   Thumb Code    10  _rserrno.o(.text)
    __set_errno                              0x08002429   Thumb Code    12  _rserrno.o(.text)
    _scanf_really_hex_real                   0x08002435   Thumb Code   786  scanf_hexfp.o(.text)
    _scanf_really_infnan                     0x08002755   Thumb Code   292  scanf_infnan.o(.text)
    exit                                     0x08002889   Thumb Code    18  exit.o(.text)
    __aeabi_llsl                             0x0800289b   Thumb Code     0  llshl.o(.text)
    _ll_shift_l                              0x0800289b   Thumb Code    38  llshl.o(.text)
    _chval                                   0x080028c1   Thumb Code    28  _chval.o(.text)
    __btod_div_common                        0x080028dd   Thumb Code   696  btod.o(CL$$btod_div_common)
    _e2d                                     0x08002c15   Thumb Code   122  btod.o(CL$$btod_e2d)
    _e2e                                     0x08002c99   Thumb Code   220  btod.o(CL$$btod_e2e)
    _btod_ediv                               0x08002d75   Thumb Code    42  btod.o(CL$$btod_ediv)
    _btod_edivd                              0x08002d9f   Thumb Code    42  btod.o(CL$$btod_edivd)
    _btod_emul                               0x08002dc9   Thumb Code    42  btod.o(CL$$btod_emul)
    _btod_emuld                              0x08002df3   Thumb Code    42  btod.o(CL$$btod_emuld)
    __btod_mult_common                       0x08002e1d   Thumb Code   580  btod.o(CL$$btod_mult_common)
    __mathlib_dbl_overflow                   0x08003061   Thumb Code    14  dunder.o(i.__mathlib_dbl_overflow)
    __mathlib_dbl_underflow                  0x08003071   Thumb Code    10  dunder.o(i.__mathlib_dbl_underflow)
    __mathlib_narrow                         0x08003081   Thumb Code    16  narrow.o(i.__mathlib_narrow)
    __mathlib_tofloat                        0x08003091   Thumb Code   184  narrow.o(i.__mathlib_tofloat)
    __support_ldexp                          0x0800314d   Thumb Code    22  ldexp.o(i.__support_ldexp)
    _is_digit                                0x08003163   Thumb Code    14  __printf_wp.o(i._is_digit)
    frexp                                    0x08003171   Thumb Code    80  frexp.o(i.frexp)
    ldexp                                    0x080031c9   Thumb Code   116  ldexp.o(i.ldexp)
    _get_lc_ctype                            0x0800323d   Thumb Code    44  lc_ctype_c.o(locale$$code)
    _get_lc_numeric                          0x08003269   Thumb Code    44  lc_numeric_c.o(locale$$code)
    __aeabi_d2f                              0x08003295   Thumb Code     0  d2f.o(x$fpl$d2f)
    _d2f                                     0x08003295   Thumb Code    98  d2f.o(x$fpl$d2f)
    __fpl_dcheck_NaN1                        0x080032f9   Thumb Code    10  dcheck1.o(x$fpl$dcheck1)
    __fpl_dcmp_Inf                           0x08003309   Thumb Code    24  dcmpi.o(x$fpl$dcmpinf)
    __aeabi_cdcmpeq                          0x08003321   Thumb Code     0  deqf.o(x$fpl$deqf)
    _dcmpeq                                  0x08003321   Thumb Code   120  deqf.o(x$fpl$deqf)
    __aeabi_cdcmple                          0x08003399   Thumb Code     0  dleqf.o(x$fpl$dleqf)
    _dcmple                                  0x08003399   Thumb Code   120  dleqf.o(x$fpl$dleqf)
    __fpl_dcmple_InfNaN                      0x080033fb   Thumb Code     0  dleqf.o(x$fpl$dleqf)
    __fpl_dnaninf                            0x08003411   Thumb Code   156  dnaninf.o(x$fpl$dnaninf)
    __aeabi_cdrcmple                         0x080034ad   Thumb Code     0  drleqf.o(x$fpl$drleqf)
    _drcmple                                 0x080034ad   Thumb Code   108  drleqf.o(x$fpl$drleqf)
    __fpl_fretinf                            0x08003519   Thumb Code    10  fretinf.o(x$fpl$fretinf)
    __ieee_status                            0x08003523   Thumb Code     6  istatus.o(x$fpl$ieeestatus)
    __fpl_return_NaN                         0x08003529   Thumb Code   100  retnan.o(x$fpl$retnan)
    __ARM_scalbn                             0x0800358d   Thumb Code    92  scalbn.o(x$fpl$scalbn)
    _scanf_real                              0x080035e9   Thumb Code     4  scanf1.o(x$fpl$scanf1)
    _scanf_hex_real                          0x080035ed   Thumb Code     4  scanf2.o(x$fpl$scanf2)
    _scanf_infnan                            0x080035f1   Thumb Code     4  scanf2.o(x$fpl$scanf2)
    __fpl_cmpreturn                          0x080035f5   Thumb Code    48  trapv.o(x$fpl$trapveneer)
    __I$use$fp                               0x08003624   Number         0  usenofp.o(x$fpl$usenofp)
    Region$$Table$$Base                      0x080036b8   Number         0  anon$$obj.o(Region$$Table)
    Region$$Table$$Limit                     0x080036d8   Number         0  anon$$obj.o(Region$$Table)
    __aeabi_HUGE_VAL                         0x080036d8   Data           0  fpconst.o(c$$dinf)
    __aeabi_HUGE_VALL                        0x080036d8   Data           0  fpconst.o(c$$dinf)
    __aeabi_INFINITY                         0x080036d8   Data           0  fpconst.o(c$$dinf)
    __dInf                                   0x080036d8   Data           0  fpconst.o(c$$dinf)
    __huge_val                               0x080036d8   Data           0  fpconst.o(c$$dinf)
    __dbl_max                                0x080036e0   Data           0  fpconst.o(c$$dmax)
    __ctype                                  0x080036f5   Data           0  lc_ctype_c.o(locale$$data)
    SystemCoreClock                          0x20000000   Data           4  system_stm32f10x.o(.data)
    AHBPrescTable                            0x20000004   Data          16  system_stm32f10x.o(.data)
    __stdout                                 0x20000018   Data           4  usart.o(.data)
    USART_RX_STA                             0x2000001c   Data           2  usart.o(.data)
    USART3_RX_STA                            0x2000001e   Data           2  usart.o(.data)
    USART2_RX_STA                            0x20000020   Data           2  usart.o(.data)
    BUFFER_SIZE                              0x20000022   Data           2  usart.o(.data)
    ID                                       0x20000024   Data           5  usart.o(.data)
    longitude                                0x20000030   Data           8  usart.o(.data)
    latitude                                 0x20000038   Data           8  usart.o(.data)
    USART_RX_BUF                             0x20000058   Data         200  usart.o(.bss)
    USART3_RX_BUF                            0x20000120   Data         200  usart.o(.bss)
    USART2_RX_BUF                            0x200001e8   Data         200  usart.o(.bss)
    name                                     0x200002b0   Data          50  usart.o(.bss)
    phone                                    0x200002e2   Data          15  usart.o(.bss)
    __libspace_start                         0x200002f4   Data          96  libspace.o(.bss)
    __temporary_stack_top$libspace           0x20000354   Data           0  libspace.o(.bss)



==============================================================================

Memory Map of the image

  Image Entry point : 0x08000131

  Load Region LR_IROM1 (Base: 0x08000000, Size: 0x0000386c, Max: 0x00040000, ABSOLUTE)

    Execution Region ER_IROM1 (Exec base: 0x08000000, Load base: 0x08000000, Size: 0x00003814, Max: 0x00040000, ABSOLUTE)

    Exec Addr    Load Addr    Size         Type   Attr      Idx    E Section Name        Object

    0x08000000   0x08000000   0x00000130   Data   RO          276    RESET               startup_stm32f10x_hd.o
    0x08000130   0x08000130   0x00000008   Code   RO          377  * !!!main             c_w.l(__main.o)
    0x08000138   0x08000138   0x00000034   Code   RO          696    !!!scatter          c_w.l(__scatter.o)
    0x0800016c   0x0800016c   0x0000001a   Code   RO          698    !!handler_copy      c_w.l(__scatter_copy.o)
    0x08000186   0x08000186   0x00000002   PAD
    0x08000188   0x08000188   0x0000001c   Code   RO          700    !!handler_zi        c_w.l(__scatter_zi.o)
    0x080001a4   0x080001a4   0x00000000   Code   RO          366    .ARM.Collect$$_printf_percent$$00000000  c_w.l(_printf_percent.o)
    0x080001a4   0x080001a4   0x00000006   Code   RO          365    .ARM.Collect$$_printf_percent$$00000014  c_w.l(_printf_s.o)
    0x080001aa   0x080001aa   0x00000004   Code   RO          393    .ARM.Collect$$_printf_percent$$00000017  c_w.l(_printf_percent_end.o)
    0x080001ae   0x080001ae   0x00000002   Code   RO          547    .ARM.Collect$$libinit$$00000000  c_w.l(libinit.o)
    0x080001b0   0x080001b0   0x00000000   Code   RO          465    .ARM.Collect$$libinit$$00000002  c_w.l(libinit2.o)
    0x080001b0   0x080001b0   0x00000000   Code   RO          467    .ARM.Collect$$libinit$$00000004  c_w.l(libinit2.o)
    0x080001b0   0x080001b0   0x00000000   Code   RO          470    .ARM.Collect$$libinit$$0000000A  c_w.l(libinit2.o)
    0x080001b0   0x080001b0   0x00000000   Code   RO          472    .ARM.Collect$$libinit$$0000000C  c_w.l(libinit2.o)
    0x080001b0   0x080001b0   0x00000000   Code   RO          474    .ARM.Collect$$libinit$$0000000E  c_w.l(libinit2.o)
    0x080001b0   0x080001b0   0x00000006   Code   RO          475    .ARM.Collect$$libinit$$0000000F  c_w.l(libinit2.o)
    0x080001b6   0x080001b6   0x00000000   Code   RO          477    .ARM.Collect$$libinit$$00000011  c_w.l(libinit2.o)
    0x080001b6   0x080001b6   0x0000000c   Code   RO          478    .ARM.Collect$$libinit$$00000012  c_w.l(libinit2.o)
    0x080001c2   0x080001c2   0x00000000   Code   RO          479    .ARM.Collect$$libinit$$00000013  c_w.l(libinit2.o)
    0x080001c2   0x080001c2   0x00000000   Code   RO          481    .ARM.Collect$$libinit$$00000015  c_w.l(libinit2.o)
    0x080001c2   0x080001c2   0x0000000a   Code   RO          482    .ARM.Collect$$libinit$$00000016  c_w.l(libinit2.o)
    0x080001cc   0x080001cc   0x00000000   Code   RO          483    .ARM.Collect$$libinit$$00000017  c_w.l(libinit2.o)
    0x080001cc   0x080001cc   0x00000000   Code   RO          485    .ARM.Collect$$libinit$$00000019  c_w.l(libinit2.o)
    0x080001cc   0x080001cc   0x00000000   Code   RO          487    .ARM.Collect$$libinit$$0000001B  c_w.l(libinit2.o)
    0x080001cc   0x080001cc   0x00000000   Code   RO          489    .ARM.Collect$$libinit$$0000001D  c_w.l(libinit2.o)
    0x080001cc   0x080001cc   0x00000000   Code   RO          491    .ARM.Collect$$libinit$$0000001F  c_w.l(libinit2.o)
    0x080001cc   0x080001cc   0x00000000   Code   RO          493    .ARM.Collect$$libinit$$00000021  c_w.l(libinit2.o)
    0x080001cc   0x080001cc   0x00000000   Code   RO          495    .ARM.Collect$$libinit$$00000023  c_w.l(libinit2.o)
    0x080001cc   0x080001cc   0x00000000   Code   RO          497    .ARM.Collect$$libinit$$00000025  c_w.l(libinit2.o)
    0x080001cc   0x080001cc   0x00000000   Code   RO          501    .ARM.Collect$$libinit$$0000002C  c_w.l(libinit2.o)
    0x080001cc   0x080001cc   0x00000000   Code   RO          503    .ARM.Collect$$libinit$$0000002E  c_w.l(libinit2.o)
    0x080001cc   0x080001cc   0x00000000   Code   RO          505    .ARM.Collect$$libinit$$00000030  c_w.l(libinit2.o)
    0x080001cc   0x080001cc   0x00000000   Code   RO          507    .ARM.Collect$$libinit$$00000032  c_w.l(libinit2.o)
    0x080001cc   0x080001cc   0x00000002   Code   RO          508    .ARM.Collect$$libinit$$00000033  c_w.l(libinit2.o)
    0x080001ce   0x080001ce   0x00000002   Code   RO          633    .ARM.Collect$$libshutdown$$00000000  c_w.l(libshutdown.o)
    0x080001d0   0x080001d0   0x00000000   Code   RO          653    .ARM.Collect$$libshutdown$$00000002  c_w.l(libshutdown2.o)
    0x080001d0   0x080001d0   0x00000000   Code   RO          655    .ARM.Collect$$libshutdown$$00000004  c_w.l(libshutdown2.o)
    0x080001d0   0x080001d0   0x00000000   Code   RO          657    .ARM.Collect$$libshutdown$$00000006  c_w.l(libshutdown2.o)
    0x080001d0   0x080001d0   0x00000000   Code   RO          660    .ARM.Collect$$libshutdown$$00000009  c_w.l(libshutdown2.o)
    0x080001d0   0x080001d0   0x00000000   Code   RO          663    .ARM.Collect$$libshutdown$$0000000C  c_w.l(libshutdown2.o)
    0x080001d0   0x080001d0   0x00000000   Code   RO          665    .ARM.Collect$$libshutdown$$0000000E  c_w.l(libshutdown2.o)
    0x080001d0   0x080001d0   0x00000000   Code   RO          668    .ARM.Collect$$libshutdown$$00000011  c_w.l(libshutdown2.o)
    0x080001d0   0x080001d0   0x00000002   Code   RO          669    .ARM.Collect$$libshutdown$$00000012  c_w.l(libshutdown2.o)
    0x080001d2   0x080001d2   0x00000000   Code   RO          383    .ARM.Collect$$rtentry$$00000000  c_w.l(__rtentry.o)
    0x080001d2   0x080001d2   0x00000000   Code   RO          407    .ARM.Collect$$rtentry$$00000002  c_w.l(__rtentry2.o)
    0x080001d2   0x080001d2   0x00000006   Code   RO          419    .ARM.Collect$$rtentry$$00000004  c_w.l(__rtentry4.o)
    0x080001d8   0x080001d8   0x00000000   Code   RO          409    .ARM.Collect$$rtentry$$00000009  c_w.l(__rtentry2.o)
    0x080001d8   0x080001d8   0x00000004   Code   RO          410    .ARM.Collect$$rtentry$$0000000A  c_w.l(__rtentry2.o)
    0x080001dc   0x080001dc   0x00000000   Code   RO          412    .ARM.Collect$$rtentry$$0000000C  c_w.l(__rtentry2.o)
    0x080001dc   0x080001dc   0x00000008   Code   RO          413    .ARM.Collect$$rtentry$$0000000D  c_w.l(__rtentry2.o)
    0x080001e4   0x080001e4   0x00000002   Code   RO          560    .ARM.Collect$$rtexit$$00000000  c_w.l(rtexit.o)
    0x080001e6   0x080001e6   0x00000000   Code   RO          595    .ARM.Collect$$rtexit$$00000002  c_w.l(rtexit2.o)
    0x080001e6   0x080001e6   0x00000004   Code   RO          596    .ARM.Collect$$rtexit$$00000003  c_w.l(rtexit2.o)
    0x080001ea   0x080001ea   0x00000006   Code   RO          597    .ARM.Collect$$rtexit$$00000004  c_w.l(rtexit2.o)
    0x080001f0   0x080001f0   0x000000d4   Code   RO            1    .text               main.o
    0x080002c4   0x080002c4   0x0000001a   Code   RO          124    .text               stm32f10x_it.o
    0x080002de   0x080002de   0x00000002   PAD
    0x080002e0   0x080002e0   0x000001e0   Code   RO          165    .text               system_stm32f10x.o
    0x080004c0   0x080004c0   0x00000050   Code   RO          183    .text               led.o
    0x08000510   0x08000510   0x00000040   Code   RO          195    .text               beep.o
    0x08000550   0x08000550   0x000000d4   Code   RO          207    .text               delay.o
    0x08000624   0x08000624   0x0000046c   Code   RO          238    .text               usart.o
    0x08000a90   0x08000a90   0x00000040   Code   RO          277    .text               startup_stm32f10x_hd.o
    0x08000ad0   0x08000ad0   0x0000035c   Code   RO          281    .text               stm32f10x_gpio.o
    0x08000e2c   0x08000e2c   0x000003a4   Code   RO          293    .text               stm32f10x_rcc.o
    0x080011d0   0x080011d0   0x00000408   Code   RO          307    .text               stm32f10x_usart.o
    0x080015d8   0x080015d8   0x000000dc   Code   RO          319    .text               misc.o
    0x080016b4   0x080016b4   0x00000002   Code   RO          333    .text               c_w.l(use_no_semi_2.o)
    0x080016b6   0x080016b6   0x00000002   PAD
    0x080016b8   0x080016b8   0x00000010   Code   RO          335    .text               c_w.l(rt_ctype_table.o)
    0x080016c8   0x080016c8   0x00000018   Code   RO          339    .text               c_w.l(noretval__2printf.o)
    0x080016e0   0x080016e0   0x00000068   Code   RO          341    .text               c_w.l(__printf.o)
    0x08001748   0x08001748   0x00000052   Code   RO          343    .text               c_w.l(_printf_str.o)
    0x0800179a   0x0800179a   0x00000002   PAD
    0x0800179c   0x0800179c   0x0000003c   Code   RO          367    .text               c_w.l(__0sscanf.o)
    0x080017d8   0x080017d8   0x000000e0   Code   RO          369    .text               c_w.l(_scanf_str.o)
    0x080018b8   0x080018b8   0x00000024   Code   RO          371    .text               c_w.l(strstr.o)
    0x080018dc   0x080018dc   0x00000080   Code   RO          373    .text               c_w.l(strcmpv7m.o)
    0x0800195c   0x0800195c   0x00000006   Code   RO          375    .text               c_w.l(heapauxi.o)
    0x08001962   0x08001962   0x00000002   Code   RO          381    .text               c_w.l(use_no_semi.o)
    0x08001964   0x08001964   0x00000008   Code   RO          387    .text               c_w.l(rt_locale_intlibspace.o)
    0x0800196c   0x0800196c   0x0000002c   Code   RO          389    .text               c_w.l(_printf_char.o)
    0x08001998   0x08001998   0x00000024   Code   RO          391    .text               c_w.l(_printf_char_file.o)
    0x080019bc   0x080019bc   0x000004f8   Code   RO          394    .text               c_w.l(scanf_fp.o)
    0x08001eb4   0x08001eb4   0x0000002c   Code   RO          396    .text               c_w.l(scanf_char.o)
    0x08001ee0   0x08001ee0   0x00000040   Code   RO          398    .text               c_w.l(_sgetc.o)
    0x08001f20   0x08001f20   0x00000008   Code   RO          403    .text               c_w.l(libspace.o)
    0x08001f28   0x08001f28   0x00000008   Code   RO          424    .text               c_w.l(rt_errno_addr_intlibspace.o)
    0x08001f30   0x08001f30   0x00000012   Code   RO          426    .text               c_w.l(isspace.o)
    0x08001f42   0x08001f42   0x00000002   PAD
    0x08001f44   0x08001f44   0x00000030   Code   RO          428    .text               c_w.l(_printf_char_common.o)
    0x08001f74   0x08001f74   0x00000374   Code   RO          430    .text               c_w.l(_scanf.o)
    0x080022e8   0x080022e8   0x000000e4   Code   RO          432    .text               c_w.l(bigflt0.o)
    0x080023cc   0x080023cc   0x00000008   Code   RO          457    .text               c_w.l(ferror.o)
    0x080023d4   0x080023d4   0x0000004a   Code   RO          528    .text               c_w.l(sys_stackheap_outer.o)
    0x0800241e   0x0800241e   0x00000016   Code   RO          530    .text               c_w.l(_rserrno.o)
    0x08002434   0x08002434   0x00000320   Code   RO          534    .text               c_w.l(scanf_hexfp.o)
    0x08002754   0x08002754   0x00000134   Code   RO          536    .text               c_w.l(scanf_infnan.o)
    0x08002888   0x08002888   0x00000012   Code   RO          538    .text               c_w.l(exit.o)
    0x0800289a   0x0800289a   0x00000026   Code   RO          562    .text               c_w.l(llshl.o)
    0x080028c0   0x080028c0   0x0000001c   Code   RO          564    .text               c_w.l(_chval.o)
    0x080028dc   0x080028dc   0x00000338   Code   RO          445    CL$$btod_div_common  c_w.l(btod.o)
    0x08002c14   0x08002c14   0x00000084   Code   RO          443    CL$$btod_e2d        c_w.l(btod.o)
    0x08002c98   0x08002c98   0x000000dc   Code   RO          442    CL$$btod_e2e        c_w.l(btod.o)
    0x08002d74   0x08002d74   0x0000002a   Code   RO          439    CL$$btod_ediv       c_w.l(btod.o)
    0x08002d9e   0x08002d9e   0x0000002a   Code   RO          441    CL$$btod_edivd      c_w.l(btod.o)
    0x08002dc8   0x08002dc8   0x0000002a   Code   RO          438    CL$$btod_emul       c_w.l(btod.o)
    0x08002df2   0x08002df2   0x0000002a   Code   RO          440    CL$$btod_emuld      c_w.l(btod.o)
    0x08002e1c   0x08002e1c   0x00000244   Code   RO          444    CL$$btod_mult_common  c_w.l(btod.o)
    0x08003060   0x08003060   0x0000000e   Code   RO          613    i.__mathlib_dbl_overflow  m_ws.l(dunder.o)
    0x0800306e   0x0800306e   0x00000002   PAD
    0x08003070   0x08003070   0x00000010   Code   RO          615    i.__mathlib_dbl_underflow  m_ws.l(dunder.o)
    0x08003080   0x08003080   0x00000010   Code   RO          522    i.__mathlib_narrow  m_ws.l(narrow.o)
    0x08003090   0x08003090   0x000000bc   Code   RO          523    i.__mathlib_tofloat  m_ws.l(narrow.o)
    0x0800314c   0x0800314c   0x00000016   Code   RO          581    i.__support_ldexp   m_ws.l(ldexp.o)
    0x08003162   0x08003162   0x0000000e   Code   RO          355    i._is_digit         c_w.l(__printf_wp.o)
    0x08003170   0x08003170   0x00000058   Code   RO          557    i.frexp             m_ws.l(frexp.o)
    0x080031c8   0x080031c8   0x00000074   Code   RO          582    i.ldexp             m_ws.l(ldexp.o)
    0x0800323c   0x0800323c   0x0000002c   Code   RO          401    locale$$code        c_w.l(lc_ctype_c.o)
    0x08003268   0x08003268   0x0000002c   Code   RO          462    locale$$code        c_w.l(lc_numeric_c.o)
    0x08003294   0x08003294   0x00000062   Code   RO          548    x$fpl$d2f           fz_ws.l(d2f.o)
    0x080032f6   0x080032f6   0x00000002   PAD
    0x080032f8   0x080032f8   0x00000010   Code   RO          607    x$fpl$dcheck1       fz_ws.l(dcheck1.o)
    0x08003308   0x08003308   0x00000018   Code   RO          570    x$fpl$dcmpinf       fz_ws.l(dcmpi.o)
    0x08003320   0x08003320   0x00000078   Code   RO          550    x$fpl$deqf          fz_ws.l(deqf.o)
    0x08003398   0x08003398   0x00000078   Code   RO          572    x$fpl$dleqf         fz_ws.l(dleqf.o)
    0x08003410   0x08003410   0x0000009c   Code   RO          574    x$fpl$dnaninf       fz_ws.l(dnaninf.o)
    0x080034ac   0x080034ac   0x0000006c   Code   RO          552    x$fpl$drleqf        fz_ws.l(drleqf.o)
    0x08003518   0x08003518   0x0000000a   Code   RO          576    x$fpl$fretinf       fz_ws.l(fretinf.o)
    0x08003522   0x08003522   0x00000006   Code   RO          513    x$fpl$ieeestatus    fz_ws.l(istatus.o)
    0x08003528   0x08003528   0x00000064   Code   RO          646    x$fpl$retnan        fz_ws.l(retnan.o)
    0x0800358c   0x0800358c   0x0000005c   Code   RO          578    x$fpl$scalbn        fz_ws.l(scalbn.o)
    0x080035e8   0x080035e8   0x00000004   Code   RO          379    x$fpl$scanf1        fz_ws.l(scanf1.o)
    0x080035ec   0x080035ec   0x00000008   Code   RO          515    x$fpl$scanf2        fz_ws.l(scanf2.o)
    0x080035f4   0x080035f4   0x00000030   Code   RO          672    x$fpl$trapveneer    fz_ws.l(trapv.o)
    0x08003624   0x08003624   0x00000000   Code   RO          521    x$fpl$usenofp       fz_ws.l(usenofp.o)
    0x08003624   0x08003624   0x00000094   Data   RO          433    .constdata          c_w.l(bigflt0.o)
    0x080036b8   0x080036b8   0x00000020   Data   RO          694    Region$$Table       anon$$obj.o
    0x080036d8   0x080036d8   0x00000008   Data   RO          509    c$$dinf             fz_ws.l(fpconst.o)
    0x080036e0   0x080036e0   0x00000008   Data   RO          512    c$$dmax             fz_ws.l(fpconst.o)
    0x080036e8   0x080036e8   0x00000110   Data   RO          400    locale$$data        c_w.l(lc_ctype_c.o)
    0x080037f8   0x080037f8   0x0000001c   Data   RO          461    locale$$data        c_w.l(lc_numeric_c.o)


    Execution Region RW_IRAM1 (Exec base: 0x20000000, Load base: 0x08003814, Size: 0x00000958, Max: 0x0000c000, ABSOLUTE)

    Exec Addr    Load Addr    Size         Type   Attr      Idx    E Section Name        Object

    0x20000000   0x08003814   0x00000014   Data   RW          166    .data               system_stm32f10x.o
    0x20000014   0x08003828   0x00000004   Data   RW          208    .data               delay.o
    0x20000018   0x0800382c   0x0000002c   Data   RW          240    .data               usart.o
    0x20000044   0x08003858   0x00000014   Data   RW          294    .data               stm32f10x_rcc.o
    0x20000058        -       0x00000299   Zero   RW          239    .bss                usart.o
    0x200002f1   0x0800386c   0x00000003   PAD
    0x200002f4        -       0x00000060   Zero   RW          404    .bss                c_w.l(libspace.o)
    0x20000354   0x0800386c   0x00000004   PAD
    0x20000358        -       0x00000200   Zero   RW          275    HEAP                startup_stm32f10x_hd.o
    0x20000558        -       0x00000400   Zero   RW          274    STACK               startup_stm32f10x_hd.o


==============================================================================

Image component sizes


      Code (inc. data)   RO Data    RW Data    ZI Data      Debug   Object Name

        64         10          0          0          0        707   beep.o
       212         18          0          4          0       1051   delay.o
        80          8          0          0          0        499   led.o
       212         62          0          0          0     232983   main.o
       220         22          0          0          0       1809   misc.o
        64         26        304          0       1536        792   startup_stm32f10x_hd.o
       860         38          0          0          0       5741   stm32f10x_gpio.o
        26          0          0          0          0       1182   stm32f10x_it.o
       932         36          0         20          0       8920   stm32f10x_rcc.o
      1032         22          0          0          0       8464   stm32f10x_usart.o
         0          0          0          0          0         32   sys.o
       480         38          0         20          0       1751   system_stm32f10x.o
      1132        214          0         44        665       5690   usart.o

    ----------------------------------------------------------------------
      5316        494        336         88       2204     269621   Object Totals
         0          0         32          0          0          0   (incl. Generated)
         2          0          0          0          3          0   (incl. Padding)

    ----------------------------------------------------------------------

      Code (inc. data)   RO Data    RW Data    ZI Data      Debug   Library Member Name

        60          8          0          0          0         84   __0sscanf.o
         8          0          0          0          0         68   __main.o
       104          0          0          0          0         84   __printf.o
        14          0          0          0          0         68   __printf_wp.o
         0          0          0          0          0          0   __rtentry.o
        12          0          0          0          0          0   __rtentry2.o
         6          0          0          0          0          0   __rtentry4.o
        52          8          0          0          0          0   __scatter.o
        26          0          0          0          0          0   __scatter_copy.o
        28          0          0          0          0          0   __scatter_zi.o
        28          0          0          0          0         68   _chval.o
        44          0          0          0          0        108   _printf_char.o
        48          6          0          0          0         96   _printf_char_common.o
        36          4          0          0          0         80   _printf_char_file.o
         0          0          0          0          0          0   _printf_percent.o
         4          0          0          0          0          0   _printf_percent_end.o
         6          0          0          0          0          0   _printf_s.o
        82          0          0          0          0         80   _printf_str.o
        22          0          0          0          0        100   _rserrno.o
       884          4          0          0          0        100   _scanf.o
       224          0          0          0          0         96   _scanf_str.o
        64          0          0          0          0         84   _sgetc.o
       228          4        148          0          0         96   bigflt0.o
      1924        136          0          0          0        756   btod.o
        18          0          0          0          0         80   exit.o
         8          0          0          0          0         68   ferror.o
         6          0          0          0          0        152   heapauxi.o
        18          0          0          0          0         76   isspace.o
        44         10        272          0          0         76   lc_ctype_c.o
        44         10         28          0          0         76   lc_numeric_c.o
         2          0          0          0          0          0   libinit.o
        30          0          0          0          0          0   libinit2.o
         2          0          0          0          0          0   libshutdown.o
         2          0          0          0          0          0   libshutdown2.o
         8          4          0          0         96         68   libspace.o
        38          0          0          0          0         68   llshl.o
        24          4          0          0          0         84   noretval__2printf.o
        16          4          0          0          0         76   rt_ctype_table.o
         8          4          0          0          0         68   rt_errno_addr_intlibspace.o
         8          4          0          0          0         68   rt_locale_intlibspace.o
         2          0          0          0          0          0   rtexit.o
        10          0          0          0          0          0   rtexit2.o
        44          8          0          0          0         84   scanf_char.o
      1272         16          0          0          0        168   scanf_fp.o
       800         14          0          0          0        100   scanf_hexfp.o
       308         16          0          0          0        100   scanf_infnan.o
       128          0          0          0          0         68   strcmpv7m.o
        36          0          0          0          0         80   strstr.o
        74          0          0          0          0         80   sys_stackheap_outer.o
         2          0          0          0          0         68   use_no_semi.o
         2          0          0          0          0         68   use_no_semi_2.o
        98          4          0          0          0         92   d2f.o
        16          4          0          0          0         68   dcheck1.o
        24          0          0          0          0         68   dcmpi.o
       120          4          0          0          0         92   deqf.o
       120          4          0          0          0         92   dleqf.o
       156          4          0          0          0         92   dnaninf.o
       108          0          0          0          0         80   drleqf.o
         0          0         16          0          0          0   fpconst.o
        10          0          0          0          0         68   fretinf.o
         6          0          0          0          0         68   istatus.o
       100          0          0          0          0         68   retnan.o
        92          0          0          0          0         68   scalbn.o
         4          0          0          0          0         68   scanf1.o
         8          0          0          0          0         84   scanf2.o
        48          0          0          0          0         68   trapv.o
         0          0          0          0          0          0   usenofp.o
        30          6          0          0          0        136   dunder.o
        88          8          0          0          0         76   frexp.o
       138          0          0          0          0        160   ldexp.o
       204          4          0          0          0        168   narrow.o

    ----------------------------------------------------------------------
      8240        302        464          0        100       5360   Library Totals
        12          0          0          0          4          0   (incl. Padding)

    ----------------------------------------------------------------------

      Code (inc. data)   RO Data    RW Data    ZI Data      Debug   Library Name

      6858        264        448          0         96       3744   c_w.l
       910         20         16          0          0       1076   fz_ws.l
       460         18          0          0          0        540   m_ws.l

    ----------------------------------------------------------------------
      8240        302        464          0        100       5360   Library Totals

    ----------------------------------------------------------------------

==============================================================================


      Code (inc. data)   RO Data    RW Data    ZI Data      Debug   

     13556        796        800         88       2304     271025   Grand Totals
     13556        796        800         88       2304     271025   ELF Image Totals
     13556        796        800         88          0          0   ROM Totals

==============================================================================

    Total RO  Size (Code + RO Data)                14356 (  14.02kB)
    Total RW  Size (RW Data + ZI Data)              2392 (   2.34kB)
    Total ROM Size (Code + RO Data + RW Data)      14444 (  14.11kB)

==============================================================================

